******************************************************************************
                  TI ARM Linker PC v20.2.7                     
******************************************************************************
>> Linked Thu Jan 16 13:47:10 2025

OUTPUT FILE NAME:   <Float_islemleri.out>
ENTRY POINT SYMBOL: "_c_int00_noinit_noargs"  address: 000005f9


MEMORY CONFIGURATION

         name            origin    length      used     unused   attr    fill
----------------------  --------  ---------  --------  --------  ----  --------
  FLASH                 00000000   00040000  00000680  0003f980  R  X
  SRAM                  20000000   00008000  00000200  00007e00  RW X


SEGMENT ALLOCATION MAP

run origin  load origin   length   init length attrs members
----------  ----------- ---------- ----------- ----- -------
00000000    00000000    00000680   00000680    r-x
  00000000    00000000    0000026c   0000026c    r-- .intvecs
  0000026c    0000026c    00000414   00000414    r-x .text
20000000    20000000    00000200   00000000    rw-
  20000000    20000000    00000200   00000000    rw- .stack


SECTION ALLOCATION MAP

 output                                  attributes/
section   page    origin      length       input sections
--------  ----  ----------  ----------   ----------------
.intvecs   0    00000000    0000026c     
                  00000000    0000026c     tm4c123gh6pm_startup_ccs.obj (.intvecs)

.text      0    0000026c    00000414     
                  0000026c    0000016c     driverlib.lib : gpio.obj (.text:GPIOPadConfigSet)
                  000003d8    000000f4                   : sysctl.obj (.text:SysCtlClockSet)
                  000004cc    00000094     main.obj (.text)
                  00000560    00000038     driverlib.lib : sysctl.obj (.text:SysCtlPeripheralReady)
                  00000598    00000034                   : sysctl.obj (.text:SysCtlPeripheralEnable)
                  000005cc    0000002c                   : gpio.obj (.text:GPIODirModeSet)
                  000005f8    0000002c     rtsv7M4_T_le_v4SPD16_eabi.lib : boot_cortex_m.c.obj (.text:_c_int00_noinit_noargs:_c_int00_noinit_noargs)
                  00000624    0000001a     driverlib.lib : gpio.obj (.text:GPIOPinTypeGPIOOutput)
                  0000063e    00000002     --HOLE-- [fill = 0]
                  00000640    00000010                   : fpu.obj (.text:FPUEnable)
                  00000650    00000010                   : fpu.obj (.text:FPULazyStackingEnable)
                  00000660    0000000c     tm4c123gh6pm_startup_ccs.obj (.text)
                  0000066c    00000006     driverlib.lib : gpio.obj (.text:GPIOPinWrite)
                  00000672    00000006                   : sysctl.obj (.text:SysCtlDelay)
                  00000678    00000004     rtsv7M4_T_le_v4SPD16_eabi.lib : pre_init.c.obj (.text:_system_pre_init)
                  0000067c    00000004                                   : exit.c.obj (.text:abort:abort)

.cinit     0    00000000    00000000     UNINITIALIZED

.init_array 
*          0    00000000    00000000     UNINITIALIZED

.stack     0    20000000    00000200     UNINITIALIZED
                  20000000    00000004     rtsv7M4_T_le_v4SPD16_eabi.lib : boot_cortex_m.c.obj (.stack)
                  20000004    000001fc     --HOLE--

__llvm_prf_cnts 
*          0    20000000    00000000     UNINITIALIZED

MODULE SUMMARY

       Module                         code   ro data   rw data
       ------                         ----   -------   -------
    .\
       tm4c123gh6pm_startup_ccs.obj   12     620       0      
       main.obj                       148    0         0      
    +--+------------------------------+------+---------+---------+
       Total:                         160    620       0      
                                                              
    C:/ti/TivaWare_C_Series-2.2.0.295/driverlib/ccs/Debug/driverlib.lib
       gpio.obj                       440    0         0      
       sysctl.obj                     358    0         0      
       fpu.obj                        32     0         0      
    +--+------------------------------+------+---------+---------+
       Total:                         830    0         0      
                                                              
    C:\ti\ccs1281\ccs\tools\compiler\ti-cgt-arm_20.2.7.LTS\lib\rtsv7M4_T_le_v4SPD16_eabi.lib
       boot_cortex_m.c.obj            44     0         0      
       exit.c.obj                     4      0         0      
       pre_init.c.obj                 4      0         0      
    +--+------------------------------+------+---------+---------+
       Total:                         52     0         0      
                                                              
       Stack:                         0      0         512    
    +--+------------------------------+------+---------+---------+
       Grand Total:                   1042   620       512    


GLOBAL SYMBOLS: SORTED ALPHABETICALLY BY Name 

address   name                   
-------   ----                   
0000067d  C$$EXIT                
00000641  FPUEnable              
00000651  FPULazyStackingEnable  
000005cd  GPIODirModeSet         
0000026d  GPIOPadConfigSet       
00000625  GPIOPinTypeGPIOOutput  
0000066d  GPIOPinWrite           
00000661  ResetISR               
000003d9  SysCtlClockSet         
00000673  SysCtlDelay            
00000599  SysCtlPeripheralEnable 
00000561  SysCtlPeripheralReady  
20000200  __STACK_END            
00000200  __STACK_SIZE           
20000200  __STACK_TOP            
ffffffff  __TI_pprof_out_hndl    
ffffffff  __TI_prof_data_size    
ffffffff  __TI_prof_data_start   
00000000  __TI_static_base__     
ffffffff  __binit__              
ffffffff  __c_args__             
UNDEFED   __mpu_init             
20000000  __stack                
20000000  __start___llvm_prf_cnts
20000000  __stop___llvm_prf_cnts 
000005f9  _c_int00_noinit_noargs 
00000679  _system_pre_init       
0000067d  abort                  
ffffffff  binit                  
00000000  g_pfnVectors           
000004cd  main                   


GLOBAL SYMBOLS: SORTED BY Symbol Address 

address   name                   
-------   ----                   
00000000  __TI_static_base__     
00000000  g_pfnVectors           
00000200  __STACK_SIZE           
0000026d  GPIOPadConfigSet       
000003d9  SysCtlClockSet         
000004cd  main                   
00000561  SysCtlPeripheralReady  
00000599  SysCtlPeripheralEnable 
000005cd  GPIODirModeSet         
000005f9  _c_int00_noinit_noargs 
00000625  GPIOPinTypeGPIOOutput  
00000641  FPUEnable              
00000651  FPULazyStackingEnable  
00000661  ResetISR               
0000066d  GPIOPinWrite           
00000673  SysCtlDelay            
00000679  _system_pre_init       
0000067d  C$$EXIT                
0000067d  abort                  
20000000  __stack                
20000000  __start___llvm_prf_cnts
20000000  __stop___llvm_prf_cnts 
20000200  __STACK_END            
20000200  __STACK_TOP            
ffffffff  __TI_pprof_out_hndl    
ffffffff  __TI_prof_data_size    
ffffffff  __TI_prof_data_start   
ffffffff  __binit__              
ffffffff  __c_args__             
ffffffff  binit                  
UNDEFED   __mpu_init             

[31 symbols]
