<?xml version="1.0" encoding="ISO-8859-1" ?>
<link_info>
   <banner>TI ARM Linker PC v20.2.7.LTS</banner>
   <copyright>Copyright (c) 1996-2018 Texas Instruments Incorporated</copyright>
   <link_time>0x674d812e</link_time>
   <link_errors>0x0</link_errors>
   <output_file>saatliii.out</output_file>
   <entry_point>
      <name>_c_int00_noargs</name>
      <address>0x49a5</address>
   </entry_point>
   <input_file_list>
      <input_file id="fl-2">
         <path>.\</path>
         <kind>object</kind>
         <file>main.obj</file>
         <name>main.obj</name>
      </input_file>
      <input_file id="fl-3">
         <path>.\</path>
         <kind>object</kind>
         <file>sourcc.obj</file>
         <name>sourcc.obj</name>
      </input_file>
      <input_file id="fl-4">
         <path>.\</path>
         <kind>object</kind>
         <file>tm4c123gh6pm_startup_ccs.obj</file>
         <name>tm4c123gh6pm_startup_ccs.obj</name>
      </input_file>
      <input_file id="fl-9">
         <kind>object</kind>
         <file>&lt;internal&gt;</file>
         <name>&lt;internal&gt;</name>
      </input_file>
      <input_file id="fl-bf">
         <path>C:\ti\ccs1281\ccs\tools\compiler\ti-cgt-arm_20.2.7.LTS\lib\</path>
         <kind>archive</kind>
         <file>rtsv7M4_T_le_v4SPD16_eabi.lib</file>
         <name>snprintf.c.obj</name>
      </input_file>
      <input_file id="fl-c0">
         <path>C:\ti\ccs1281\ccs\tools\compiler\ti-cgt-arm_20.2.7.LTS\lib\</path>
         <kind>archive</kind>
         <file>rtsv7M4_T_le_v4SPD16_eabi.lib</file>
         <name>sscanf.c.obj</name>
      </input_file>
      <input_file id="fl-c1">
         <path>C:\ti\ccs1281\ccs\tools\compiler\ti-cgt-arm_20.2.7.LTS\lib\</path>
         <kind>archive</kind>
         <file>rtsv7M4_T_le_v4SPD16_eabi.lib</file>
         <name>memcpy_t2.asm.obj</name>
      </input_file>
      <input_file id="fl-c2">
         <path>C:\ti\ccs1281\ccs\tools\compiler\ti-cgt-arm_20.2.7.LTS\lib\</path>
         <kind>archive</kind>
         <file>rtsv7M4_T_le_v4SPD16_eabi.lib</file>
         <name>copy_zero_init.c.obj</name>
      </input_file>
      <input_file id="fl-c3">
         <path>C:\ti\ccs1281\ccs\tools\compiler\ti-cgt-arm_20.2.7.LTS\lib\</path>
         <kind>archive</kind>
         <file>rtsv7M4_T_le_v4SPD16_eabi.lib</file>
         <name>copy_decompress_none.c.obj</name>
      </input_file>
      <input_file id="fl-c4">
         <path>C:\ti\ccs1281\ccs\tools\compiler\ti-cgt-arm_20.2.7.LTS\lib\</path>
         <kind>archive</kind>
         <file>rtsv7M4_T_le_v4SPD16_eabi.lib</file>
         <name>copy_decompress_lzss.c.obj</name>
      </input_file>
      <input_file id="fl-c5">
         <path>C:\ti\ccs1281\ccs\tools\compiler\ti-cgt-arm_20.2.7.LTS\lib\</path>
         <kind>archive</kind>
         <file>rtsv7M4_T_le_v4SPD16_eabi.lib</file>
         <name>ctype.c.obj</name>
      </input_file>
      <input_file id="fl-c6">
         <path>C:\ti\ccs1281\ccs\tools\compiler\ti-cgt-arm_20.2.7.LTS\lib\</path>
         <kind>archive</kind>
         <file>rtsv7M4_T_le_v4SPD16_eabi.lib</file>
         <name>boot_cortex_m.c.obj</name>
      </input_file>
      <input_file id="fl-c7">
         <path>C:\ti\ccs1281\ccs\tools\compiler\ti-cgt-arm_20.2.7.LTS\lib\</path>
         <kind>archive</kind>
         <file>rtsv7M4_T_le_v4SPD16_eabi.lib</file>
         <name>_printfi.c.obj</name>
      </input_file>
      <input_file id="fl-c8">
         <path>C:\ti\ccs1281\ccs\tools\compiler\ti-cgt-arm_20.2.7.LTS\lib\</path>
         <kind>archive</kind>
         <file>rtsv7M4_T_le_v4SPD16_eabi.lib</file>
         <name>_scanfi.c.obj</name>
      </input_file>
      <input_file id="fl-c9">
         <path>C:\ti\ccs1281\ccs\tools\compiler\ti-cgt-arm_20.2.7.LTS\lib\</path>
         <kind>archive</kind>
         <file>rtsv7M4_T_le_v4SPD16_eabi.lib</file>
         <name>fd_add_t2.asm.obj</name>
      </input_file>
      <input_file id="fl-ca">
         <path>C:\ti\ccs1281\ccs\tools\compiler\ti-cgt-arm_20.2.7.LTS\lib\</path>
         <kind>archive</kind>
         <file>rtsv7M4_T_le_v4SPD16_eabi.lib</file>
         <name>fd_cmp_t2.asm.obj</name>
      </input_file>
      <input_file id="fl-cb">
         <path>C:\ti\ccs1281\ccs\tools\compiler\ti-cgt-arm_20.2.7.LTS\lib\</path>
         <kind>archive</kind>
         <file>rtsv7M4_T_le_v4SPD16_eabi.lib</file>
         <name>fd_div_t2.asm.obj</name>
      </input_file>
      <input_file id="fl-cc">
         <path>C:\ti\ccs1281\ccs\tools\compiler\ti-cgt-arm_20.2.7.LTS\lib\</path>
         <kind>archive</kind>
         <file>rtsv7M4_T_le_v4SPD16_eabi.lib</file>
         <name>fd_mul_t2.asm.obj</name>
      </input_file>
      <input_file id="fl-cd">
         <path>C:\ti\ccs1281\ccs\tools\compiler\ti-cgt-arm_20.2.7.LTS\lib\</path>
         <kind>archive</kind>
         <file>rtsv7M4_T_le_v4SPD16_eabi.lib</file>
         <name>fd_toi_t2.asm.obj</name>
      </input_file>
      <input_file id="fl-ce">
         <path>C:\ti\ccs1281\ccs\tools\compiler\ti-cgt-arm_20.2.7.LTS\lib\</path>
         <kind>archive</kind>
         <file>rtsv7M4_T_le_v4SPD16_eabi.lib</file>
         <name>fd_tos_t2.asm.obj</name>
      </input_file>
      <input_file id="fl-cf">
         <path>C:\ti\ccs1281\ccs\tools\compiler\ti-cgt-arm_20.2.7.LTS\lib\</path>
         <kind>archive</kind>
         <file>rtsv7M4_T_le_v4SPD16_eabi.lib</file>
         <name>i_tofd_t2.asm.obj</name>
      </input_file>
      <input_file id="fl-d0">
         <path>C:\ti\ccs1281\ccs\tools\compiler\ti-cgt-arm_20.2.7.LTS\lib\</path>
         <kind>archive</kind>
         <file>rtsv7M4_T_le_v4SPD16_eabi.lib</file>
         <name>memset_t2.asm.obj</name>
      </input_file>
      <input_file id="fl-d1">
         <path>C:\ti\ccs1281\ccs\tools\compiler\ti-cgt-arm_20.2.7.LTS\lib\</path>
         <kind>archive</kind>
         <file>rtsv7M4_T_le_v4SPD16_eabi.lib</file>
         <name>ull_div_t2.asm.obj</name>
      </input_file>
      <input_file id="fl-d2">
         <path>C:\ti\ccs1281\ccs\tools\compiler\ti-cgt-arm_20.2.7.LTS\lib\</path>
         <kind>archive</kind>
         <file>rtsv7M4_T_le_v4SPD16_eabi.lib</file>
         <name>autoinit.c.obj</name>
      </input_file>
      <input_file id="fl-d3">
         <path>C:\ti\ccs1281\ccs\tools\compiler\ti-cgt-arm_20.2.7.LTS\lib\</path>
         <kind>archive</kind>
         <file>rtsv7M4_T_le_v4SPD16_eabi.lib</file>
         <name>pre_init.c.obj</name>
      </input_file>
      <input_file id="fl-d4">
         <path>C:\ti\ccs1281\ccs\tools\compiler\ti-cgt-arm_20.2.7.LTS\lib\</path>
         <kind>archive</kind>
         <file>rtsv7M4_T_le_v4SPD16_eabi.lib</file>
         <name>cpy_tbl.c.obj</name>
      </input_file>
      <input_file id="fl-d5">
         <path>C:\ti\ccs1281\ccs\tools\compiler\ti-cgt-arm_20.2.7.LTS\lib\</path>
         <kind>archive</kind>
         <file>rtsv7M4_T_le_v4SPD16_eabi.lib</file>
         <name>exit.c.obj</name>
      </input_file>
      <input_file id="fl-d6">
         <path>C:\ti\ccs1281\ccs\tools\compiler\ti-cgt-arm_20.2.7.LTS\lib\</path>
         <kind>archive</kind>
         <file>rtsv7M4_T_le_v4SPD16_eabi.lib</file>
         <name>_lock.c.obj</name>
      </input_file>
      <input_file id="fl-d7">
         <path>C:\ti\ccs1281\ccs\tools\compiler\ti-cgt-arm_20.2.7.LTS\lib\</path>
         <kind>archive</kind>
         <file>rtsv7M4_T_le_v4SPD16_eabi.lib</file>
         <name>_ltoa.c.obj</name>
      </input_file>
      <input_file id="fl-d8">
         <path>C:\ti\ccs1281\ccs\tools\compiler\ti-cgt-arm_20.2.7.LTS\lib\</path>
         <kind>archive</kind>
         <file>rtsv7M4_T_le_v4SPD16_eabi.lib</file>
         <name>args_main.c.obj</name>
      </input_file>
      <input_file id="fl-d9">
         <path>C:\ti\ccs1281\ccs\tools\compiler\ti-cgt-arm_20.2.7.LTS\lib\</path>
         <kind>archive</kind>
         <file>rtsv7M4_T_le_v4SPD16_eabi.lib</file>
         <name>atoi.c.obj</name>
      </input_file>
      <input_file id="fl-da">
         <path>C:\ti\ccs1281\ccs\tools\compiler\ti-cgt-arm_20.2.7.LTS\lib\</path>
         <kind>archive</kind>
         <file>rtsv7M4_T_le_v4SPD16_eabi.lib</file>
         <name>memccpy.c.obj</name>
      </input_file>
      <input_file id="fl-db">
         <path>C:\ti\ccs1281\ccs\tools\compiler\ti-cgt-arm_20.2.7.LTS\lib\</path>
         <kind>archive</kind>
         <file>rtsv7M4_T_le_v4SPD16_eabi.lib</file>
         <name>strchr.c.obj</name>
      </input_file>
      <input_file id="fl-dc">
         <path>C:\ti\ccs1281\ccs\tools\compiler\ti-cgt-arm_20.2.7.LTS\lib\</path>
         <kind>archive</kind>
         <file>rtsv7M4_T_le_v4SPD16_eabi.lib</file>
         <name>strcpy.c.obj</name>
      </input_file>
      <input_file id="fl-dd">
         <path>C:\ti\ccs1281\ccs\tools\compiler\ti-cgt-arm_20.2.7.LTS\lib\</path>
         <kind>archive</kind>
         <file>rtsv7M4_T_le_v4SPD16_eabi.lib</file>
         <name>strlen.c.obj</name>
      </input_file>
      <input_file id="fl-de">
         <path>C:\ti\ccs1281\ccs\tools\compiler\ti-cgt-arm_20.2.7.LTS\lib\</path>
         <kind>archive</kind>
         <file>rtsv7M4_T_le_v4SPD16_eabi.lib</file>
         <name>strrchr.c.obj</name>
      </input_file>
      <input_file id="fl-df">
         <path>C:\ti\ccs1281\ccs\tools\compiler\ti-cgt-arm_20.2.7.LTS\lib\</path>
         <kind>archive</kind>
         <file>rtsv7M4_T_le_v4SPD16_eabi.lib</file>
         <name>strtod.c.obj</name>
      </input_file>
      <input_file id="fl-e0">
         <path>C:\ti\ccs1281\ccs\tools\compiler\ti-cgt-arm_20.2.7.LTS\lib\</path>
         <kind>archive</kind>
         <file>rtsv7M4_T_le_v4SPD16_eabi.lib</file>
         <name>strtol.c.obj</name>
      </input_file>
      <input_file id="fl-e1">
         <path>C:\ti\ccs1281\ccs\tools\compiler\ti-cgt-arm_20.2.7.LTS\lib\</path>
         <kind>archive</kind>
         <file>rtsv7M4_T_le_v4SPD16_eabi.lib</file>
         <name>strtoll.c.obj</name>
      </input_file>
      <input_file id="fl-e2">
         <path>C:\ti\ccs1281\ccs\tools\compiler\ti-cgt-arm_20.2.7.LTS\lib\</path>
         <kind>archive</kind>
         <file>rtsv7M4_T_le_v4SPD16_eabi.lib</file>
         <name>strtoul.c.obj</name>
      </input_file>
      <input_file id="fl-e3">
         <path>C:\ti\ccs1281\ccs\tools\compiler\ti-cgt-arm_20.2.7.LTS\lib\</path>
         <kind>archive</kind>
         <file>rtsv7M4_T_le_v4SPD16_eabi.lib</file>
         <name>strtoull.c.obj</name>
      </input_file>
      <input_file id="fl-e4">
         <path>C:\ti\ccs1281\ccs\tools\compiler\ti-cgt-arm_20.2.7.LTS\lib\</path>
         <kind>archive</kind>
         <file>rtsv7M4_T_le_v4SPD16_eabi.lib</file>
         <name>errno.c.obj</name>
      </input_file>
      <input_file id="fl-e5">
         <path>C:\ti\ccs1281\ccs\tools\compiler\ti-cgt-arm_20.2.7.LTS\lib\</path>
         <kind>archive</kind>
         <file>rtsv7M4_T_le_v4SPD16_eabi.lib</file>
         <name>wcslen.c.obj</name>
      </input_file>
      <input_file id="fl-e6">
         <path>C:\ti\ccs1281\ccs\tools\compiler\ti-cgt-arm_20.2.7.LTS\lib\</path>
         <kind>archive</kind>
         <file>rtsv7M4_T_le_v4SPD16_eabi.lib</file>
         <name>s_frexp.c.obj</name>
      </input_file>
      <input_file id="fl-e7">
         <path>C:\ti\ccs1281\ccs\tools\compiler\ti-cgt-arm_20.2.7.LTS\lib\</path>
         <kind>archive</kind>
         <file>rtsv7M4_T_le_v4SPD16_eabi.lib</file>
         <name>s_scalbn.c.obj</name>
      </input_file>
      <input_file id="fl-e8">
         <path>C:\ti\ccs1281\ccs\tools\compiler\ti-cgt-arm_20.2.7.LTS\lib\</path>
         <kind>archive</kind>
         <file>rtsv7M4_T_le_v4SPD16_eabi.lib</file>
         <name>div0.asm.obj</name>
      </input_file>
      <input_file id="fl-e9">
         <path>C:\ti\ccs1281\ccs\tools\compiler\ti-cgt-arm_20.2.7.LTS\lib\</path>
         <kind>archive</kind>
         <file>rtsv7M4_T_le_v4SPD16_eabi.lib</file>
         <name>ll_mul_t2.asm.obj</name>
      </input_file>
      <input_file id="fl-ea">
         <path>C:\ti\ccs1281\ccs\tools\compiler\ti-cgt-arm_20.2.7.LTS\lib\</path>
         <kind>archive</kind>
         <file>rtsv7M4_T_le_v4SPD16_eabi.lib</file>
         <name>s_copysign.c.obj</name>
      </input_file>
      <input_file id="fl-eb">
         <path>C:\ti\TivaWare_C_Series-2.2.0.295\driverlib\ccs\Debug\</path>
         <kind>archive</kind>
         <file>driverlib.lib</file>
         <name>interrupt.obj</name>
      </input_file>
      <input_file id="fl-ec">
         <path>C:\ti\TivaWare_C_Series-2.2.0.295\driverlib\ccs\Debug\</path>
         <kind>archive</kind>
         <file>driverlib.lib</file>
         <name>sysctl.obj</name>
      </input_file>
      <input_file id="fl-ed">
         <path>C:\ti\TivaWare_C_Series-2.2.0.295\driverlib\ccs\Debug\</path>
         <kind>archive</kind>
         <file>driverlib.lib</file>
         <name>timer.obj</name>
      </input_file>
      <input_file id="fl-ee">
         <path>C:\ti\TivaWare_C_Series-2.2.0.295\driverlib\ccs\Debug\</path>
         <kind>archive</kind>
         <file>driverlib.lib</file>
         <name>uart.obj</name>
      </input_file>
      <input_file id="fl-ef">
         <path>C:\ti\TivaWare_C_Series-2.2.0.295\driverlib\ccs\Debug\</path>
         <kind>archive</kind>
         <file>driverlib.lib</file>
         <name>cpu.obj</name>
      </input_file>
   </input_file_list>
   <object_component_list>
      <object_component id="oc-12">
         <name>.intvecs</name>
         <load_address>0x0</load_address>
         <run_address>0x0</run_address>
         <size>0x26c</size>
         <input_file_ref idref="fl-4"/>
      </object_component>
      <object_component id="oc-c8">
         <name>.text</name>
         <load_address>0x26c</load_address>
         <run_address>0x26c</run_address>
         <size>0xda4</size>
         <input_file_ref idref="fl-3"/>
      </object_component>
      <object_component id="oc-1f4">
         <name>.text:__TI_scanfi</name>
         <load_address>0x1010</load_address>
         <run_address>0x1010</run_address>
         <size>0xb14</size>
         <input_file_ref idref="fl-c8"/>
      </object_component>
      <object_component id="oc-215">
         <name>.text:__TI_printfi</name>
         <load_address>0x1b24</load_address>
         <run_address>0x1b24</run_address>
         <size>0xa4e</size>
         <input_file_ref idref="fl-c7"/>
      </object_component>
      <object_component id="oc-261">
         <name>.text:_IntDefaultHandler</name>
         <load_address>0x2572</load_address>
         <run_address>0x2572</run_address>
         <size>0x2</size>
         <input_file_ref idref="fl-eb"/>
      </object_component>
      <object_component id="oc-2ae">
         <name>.text:strtod</name>
         <load_address>0x2574</load_address>
         <run_address>0x2574</run_address>
         <size>0x460</size>
         <input_file_ref idref="fl-df"/>
      </object_component>
      <object_component id="oc-30b">
         <name>.text:_pconv_a</name>
         <load_address>0x29d4</load_address>
         <run_address>0x29d4</run_address>
         <size>0x270</size>
         <input_file_ref idref="fl-c7"/>
      </object_component>
      <object_component id="oc-9b">
         <name>.text</name>
         <load_address>0x2c44</load_address>
         <run_address>0x2c44</run_address>
         <size>0x230</size>
         <input_file_ref idref="fl-2"/>
      </object_component>
      <object_component id="oc-2bf">
         <name>.text:strtoll</name>
         <load_address>0x2e74</load_address>
         <run_address>0x2e74</run_address>
         <size>0x1dc</size>
         <input_file_ref idref="fl-e1"/>
      </object_component>
      <object_component id="oc-2f9">
         <name>.text:_pconv_g</name>
         <load_address>0x3050</load_address>
         <run_address>0x3050</run_address>
         <size>0x1d0</size>
         <input_file_ref idref="fl-c7"/>
      </object_component>
      <object_component id="oc-376">
         <name>.text</name>
         <load_address>0x3220</load_address>
         <run_address>0x3220</run_address>
         <size>0x1b6</size>
         <input_file_ref idref="fl-c9"/>
      </object_component>
      <object_component id="oc-403">
         <name>.text</name>
         <load_address>0x33d6</load_address>
         <run_address>0x33d6</run_address>
         <size>0x2</size>
         <input_file_ref idref="fl-e8"/>
      </object_component>
      <object_component id="oc-2a2">
         <name>.text:strtoull</name>
         <load_address>0x33d8</load_address>
         <run_address>0x33d8</run_address>
         <size>0x15c</size>
         <input_file_ref idref="fl-e3"/>
      </object_component>
      <object_component id="oc-305">
         <name>.text:_pconv_e</name>
         <load_address>0x3534</load_address>
         <run_address>0x3534</run_address>
         <size>0x13c</size>
         <input_file_ref idref="fl-c7"/>
      </object_component>
      <object_component id="oc-37b">
         <name>.text</name>
         <load_address>0x3670</load_address>
         <run_address>0x3670</run_address>
         <size>0x136</size>
         <input_file_ref idref="fl-cb"/>
      </object_component>
      <object_component id="oc-2b9">
         <name>.text:strtol</name>
         <load_address>0x37a8</load_address>
         <run_address>0x37a8</run_address>
         <size>0x130</size>
         <input_file_ref idref="fl-e0"/>
      </object_component>
      <object_component id="oc-3c7">
         <name>.text:fcvt</name>
         <load_address>0x38d8</load_address>
         <run_address>0x38d8</run_address>
         <size>0x124</size>
         <input_file_ref idref="fl-c7"/>
      </object_component>
      <object_component id="oc-e0">
         <name>.text:SysCtlClockGet</name>
         <load_address>0x39fc</load_address>
         <run_address>0x39fc</run_address>
         <size>0x118</size>
         <input_file_ref idref="fl-ec"/>
      </object_component>
      <object_component id="oc-380">
         <name>.text:scalbn</name>
         <load_address>0x3b14</load_address>
         <run_address>0x3b14</run_address>
         <size>0x110</size>
         <input_file_ref idref="fl-e7"/>
      </object_component>
      <object_component id="oc-2a8">
         <name>.text:strtoul</name>
         <load_address>0x3c24</load_address>
         <run_address>0x3c24</run_address>
         <size>0x110</size>
         <input_file_ref idref="fl-e2"/>
      </object_component>
      <object_component id="oc-371">
         <name>.text</name>
         <load_address>0x3d34</load_address>
         <run_address>0x3d34</run_address>
         <size>0xfc</size>
         <input_file_ref idref="fl-cc"/>
      </object_component>
      <object_component id="oc-ce">
         <name>.text:SysCtlClockSet</name>
         <load_address>0x3e30</load_address>
         <run_address>0x3e30</run_address>
         <size>0xf4</size>
         <input_file_ref idref="fl-ec"/>
      </object_component>
      <object_component id="oc-2ee">
         <name>.text:_ltostr</name>
         <load_address>0x3f24</load_address>
         <run_address>0x3f24</run_address>
         <size>0xb1</size>
         <input_file_ref idref="fl-c7"/>
      </object_component>
      <object_component id="oc-3b">
         <name>.text</name>
         <load_address>0x3fd6</load_address>
         <run_address>0x3fd6</run_address>
         <size>0x9c</size>
         <input_file_ref idref="fl-c1"/>
      </object_component>
      <object_component id="oc-368">
         <name>.text</name>
         <load_address>0x4072</load_address>
         <run_address>0x4072</run_address>
         <size>0x96</size>
         <input_file_ref idref="fl-d1"/>
      </object_component>
      <object_component id="oc-2f4">
         <name>.text:__aeabi_cdcmple</name>
         <load_address>0x4108</load_address>
         <run_address>0x4108</run_address>
         <size>0x86</size>
         <input_file_ref idref="fl-ca"/>
      </object_component>
      <object_component id="oc-3a5">
         <name>.text:__aeabi_cdrcmple</name>
         <load_address>0x418e</load_address>
         <run_address>0x418e</run_address>
         <size>0x86</size>
         <input_file_ref idref="fl-ca"/>
      </object_component>
      <object_component id="oc-8f">
         <name>.text</name>
         <load_address>0x4214</load_address>
         <run_address>0x4214</run_address>
         <size>0x7a</size>
         <input_file_ref idref="fl-d0"/>
      </object_component>
      <object_component id="oc-3c0">
         <name>.text:_mcpy</name>
         <load_address>0x428e</load_address>
         <run_address>0x428e</run_address>
         <size>0x6e</size>
         <input_file_ref idref="fl-c7"/>
      </object_component>
      <object_component id="oc-2b4">
         <name>.text</name>
         <load_address>0x42fc</load_address>
         <run_address>0x42fc</run_address>
         <size>0x6e</size>
         <input_file_ref idref="fl-ce"/>
      </object_component>
      <object_component id="oc-1a0">
         <name>.text:IntDisable</name>
         <load_address>0x436c</load_address>
         <run_address>0x436c</run_address>
         <size>0x68</size>
         <input_file_ref idref="fl-eb"/>
      </object_component>
      <object_component id="oc-f8">
         <name>.text:IntEnable</name>
         <load_address>0x43d4</load_address>
         <run_address>0x43d4</run_address>
         <size>0x68</size>
         <input_file_ref idref="fl-eb"/>
      </object_component>
      <object_component id="oc-206">
         <name>.text:_chkmbc</name>
         <load_address>0x443c</load_address>
         <run_address>0x443c</run_address>
         <size>0x68</size>
         <input_file_ref idref="fl-c0"/>
      </object_component>
      <object_component id="oc-15">
         <name>.text:decompress:lzss:__TI_decompress_lzss</name>
         <load_address>0x44a4</load_address>
         <run_address>0x44a4</run_address>
         <size>0x68</size>
         <input_file_ref idref="fl-c4"/>
      </object_component>
      <object_component id="oc-3d5">
         <name>.text:frexp</name>
         <load_address>0x450c</load_address>
         <run_address>0x450c</run_address>
         <size>0x64</size>
         <input_file_ref idref="fl-e6"/>
      </object_component>
      <object_component id="oc-da">
         <name>.text:TimerConfigure</name>
         <load_address>0x4570</load_address>
         <run_address>0x4570</run_address>
         <size>0x60</size>
         <input_file_ref idref="fl-ed"/>
      </object_component>
      <object_component id="oc-2ff">
         <name>.text:_pconv_f</name>
         <load_address>0x45d0</load_address>
         <run_address>0x45d0</run_address>
         <size>0x56</size>
         <input_file_ref idref="fl-c7"/>
      </object_component>
      <object_component id="oc-3af">
         <name>.text:__TI_ltoa</name>
         <load_address>0x4626</load_address>
         <run_address>0x4626</run_address>
         <size>0x54</size>
         <input_file_ref idref="fl-d7"/>
      </object_component>
      <object_component id="oc-3ba">
         <name>.text:_ecpy</name>
         <load_address>0x467a</load_address>
         <run_address>0x467a</run_address>
         <size>0x52</size>
         <input_file_ref idref="fl-c7"/>
      </object_component>
      <object_component id="oc-1c6">
         <name>.text:_TimerIntNumberGet</name>
         <load_address>0x46cc</load_address>
         <run_address>0x46cc</run_address>
         <size>0x4c</size>
         <input_file_ref idref="fl-ed"/>
      </object_component>
      <object_component id="oc-2ce">
         <name>.text:atoi</name>
         <load_address>0x4718</load_address>
         <run_address>0x4718</run_address>
         <size>0x4c</size>
         <input_file_ref idref="fl-d9"/>
      </object_component>
      <object_component id="oc-140">
         <name>.text:snprintf</name>
         <load_address>0x4764</load_address>
         <run_address>0x4764</run_address>
         <size>0x4c</size>
         <input_file_ref idref="fl-bf"/>
      </object_component>
      <object_component id="oc-3aa">
         <name>.text</name>
         <load_address>0x47b0</load_address>
         <run_address>0x47b0</run_address>
         <size>0x48</size>
         <input_file_ref idref="fl-cd"/>
      </object_component>
      <object_component id="oc-10a">
         <name>.text:UARTConfigSetExpClk</name>
         <load_address>0x47f8</load_address>
         <run_address>0x47f8</run_address>
         <size>0x46</size>
         <input_file_ref idref="fl-ee"/>
      </object_component>
      <object_component id="oc-156">
         <name>.text:__TI_auto_init_nobinit_nopinit:__TI_auto_init_nobinit_nopinit</name>
         <load_address>0x4840</load_address>
         <run_address>0x4840</run_address>
         <size>0x44</size>
         <input_file_ref idref="fl-d2"/>
      </object_component>
      <object_component id="oc-1e9">
         <name>.text:_UARTIntNumberGet</name>
         <load_address>0x4884</load_address>
         <run_address>0x4884</run_address>
         <size>0x40</size>
         <input_file_ref idref="fl-ee"/>
      </object_component>
      <object_component id="oc-3cd">
         <name>.text:_fcpy</name>
         <load_address>0x48c4</load_address>
         <run_address>0x48c4</run_address>
         <size>0x3e</size>
         <input_file_ref idref="fl-c7"/>
      </object_component>
      <object_component id="oc-12e">
         <name>.text:sscanf</name>
         <load_address>0x4904</load_address>
         <run_address>0x4904</run_address>
         <size>0x38</size>
         <input_file_ref idref="fl-c0"/>
      </object_component>
      <object_component id="oc-19a">
         <name>.text:IntRegister</name>
         <load_address>0x493c</load_address>
         <run_address>0x493c</run_address>
         <size>0x34</size>
         <input_file_ref idref="fl-eb"/>
      </object_component>
      <object_component id="oc-d4">
         <name>.text:SysCtlPeripheralEnable</name>
         <load_address>0x4970</load_address>
         <run_address>0x4970</run_address>
         <size>0x34</size>
         <input_file_ref idref="fl-ec"/>
      </object_component>
      <object_component id="oc-59">
         <name>.text:_c_int00_noargs:_c_int00_noargs</name>
         <load_address>0x49a4</load_address>
         <run_address>0x49a4</run_address>
         <size>0x34</size>
         <input_file_ref idref="fl-c6"/>
      </object_component>
      <object_component id="oc-21b">
         <name>.text:_outs</name>
         <load_address>0x49d8</load_address>
         <run_address>0x49d8</run_address>
         <size>0x30</size>
         <input_file_ref idref="fl-bf"/>
      </object_component>
      <object_component id="oc-3b5">
         <name>.text</name>
         <load_address>0x4a08</load_address>
         <run_address>0x4a08</run_address>
         <size>0x2e</size>
         <input_file_ref idref="fl-cf"/>
      </object_component>
      <object_component id="oc-1db">
         <name>.text:UARTDisable</name>
         <load_address>0x4a38</load_address>
         <run_address>0x4a38</run_address>
         <size>0x20</size>
         <input_file_ref idref="fl-ee"/>
      </object_component>
      <object_component id="oc-47">
         <name>.text:decompress:ZI:__TI_zero_init_nomemset:__TI_zero_init_nomemset</name>
         <load_address>0x4a58</load_address>
         <run_address>0x4a58</run_address>
         <size>0x1c</size>
         <input_file_ref idref="fl-c2"/>
      </object_component>
      <object_component id="oc-311">
         <name>.text:memccpy</name>
         <load_address>0x4a74</load_address>
         <run_address>0x4a74</run_address>
         <size>0x1c</size>
         <input_file_ref idref="fl-da"/>
      </object_component>
      <object_component id="oc-410">
         <name>.text:copysign</name>
         <load_address>0x4a90</load_address>
         <run_address>0x4a90</run_address>
         <size>0x1a</size>
         <input_file_ref idref="fl-ea"/>
      </object_component>
      <object_component id="oc-ec">
         <name>.text:TimerIntRegister</name>
         <load_address>0x4aaa</load_address>
         <run_address>0x4aaa</run_address>
         <size>0x18</size>
         <input_file_ref idref="fl-ed"/>
      </object_component>
      <object_component id="oc-110">
         <name>.text:UARTIntRegister</name>
         <load_address>0x4ac2</load_address>
         <run_address>0x4ac2</run_address>
         <size>0x18</size>
         <input_file_ref idref="fl-ee"/>
      </object_component>
      <object_component id="oc-221">
         <name>.text:_outc</name>
         <load_address>0x4ada</load_address>
         <run_address>0x4ada</run_address>
         <size>0x18</size>
         <input_file_ref idref="fl-bf"/>
      </object_component>
      <object_component id="oc-363">
         <name>.text</name>
         <load_address>0x4af2</load_address>
         <run_address>0x4af2</run_address>
         <size>0x18</size>
         <input_file_ref idref="fl-e9"/>
      </object_component>
      <object_component id="oc-2d4">
         <name>.text:strrchr</name>
         <load_address>0x4b0a</load_address>
         <run_address>0x4b0a</run_address>
         <size>0x18</size>
         <input_file_ref idref="fl-de"/>
      </object_component>
      <object_component id="oc-2da">
         <name>.text:strchr</name>
         <load_address>0x4b22</load_address>
         <run_address>0x4b22</run_address>
         <size>0x16</size>
         <input_file_ref idref="fl-db"/>
      </object_component>
      <object_component id="oc-1a6">
         <name>.text:IntUnregister</name>
         <load_address>0x4b38</load_address>
         <run_address>0x4b38</run_address>
         <size>0x14</size>
         <input_file_ref idref="fl-eb"/>
      </object_component>
      <object_component id="oc-1e1">
         <name>.text:UARTEnable</name>
         <load_address>0x4b4c</load_address>
         <run_address>0x4b4c</run_address>
         <size>0x14</size>
         <input_file_ref idref="fl-ee"/>
      </object_component>
      <object_component id="oc-29c">
         <name>.text:strcpy</name>
         <load_address>0x4b60</load_address>
         <run_address>0x4b60</run_address>
         <size>0x14</size>
         <input_file_ref idref="fl-dc"/>
      </object_component>
      <object_component id="oc-2c8">
         <name>.text:strlen</name>
         <load_address>0x4b74</load_address>
         <run_address>0x4b74</run_address>
         <size>0x14</size>
         <input_file_ref idref="fl-dd"/>
      </object_component>
      <object_component id="oc-e6">
         <name>.text:TimerLoadSet</name>
         <load_address>0x4b88</load_address>
         <run_address>0x4b88</run_address>
         <size>0x12</size>
         <input_file_ref idref="fl-ed"/>
      </object_component>
      <object_component id="oc-1fa">
         <name>.text:_inpchar</name>
         <load_address>0x4b9a</load_address>
         <run_address>0x4b9a</run_address>
         <size>0x12</size>
         <input_file_ref idref="fl-c0"/>
      </object_component>
      <object_component id="oc-317">
         <name>.text:wcslen</name>
         <load_address>0x4bac</load_address>
         <run_address>0x4bac</run_address>
         <size>0x12</size>
         <input_file_ref idref="fl-e5"/>
      </object_component>
      <object_component id="oc-fe">
         <name>.text:IntMasterEnable</name>
         <load_address>0x4bbe</load_address>
         <run_address>0x4bbe</run_address>
         <size>0x10</size>
         <input_file_ref idref="fl-eb"/>
      </object_component>
      <object_component id="oc-104">
         <name>.text:TimerEnable</name>
         <load_address>0x4bce</load_address>
         <run_address>0x4bce</run_address>
         <size>0xe</size>
         <input_file_ref idref="fl-ed"/>
      </object_component>
      <object_component id="oc-128">
         <name>.text:UARTCharGetNonBlocking</name>
         <load_address>0x4bdc</load_address>
         <run_address>0x4bdc</run_address>
         <size>0xe</size>
         <input_file_ref idref="fl-ee"/>
      </object_component>
      <object_component id="oc-134">
         <name>.text:UARTCharsAvail</name>
         <load_address>0x4bea</load_address>
         <run_address>0x4bea</run_address>
         <size>0xe</size>
         <input_file_ref idref="fl-ee"/>
      </object_component>
      <object_component id="oc-1b">
         <name>.text:decompress:none:__TI_decompress_none</name>
         <load_address>0x4bf8</load_address>
         <run_address>0x4bf8</run_address>
         <size>0xe</size>
         <input_file_ref idref="fl-c3"/>
      </object_component>
      <object_component id="oc-1d3">
         <name>.text:CPUcpsie</name>
         <load_address>0x4c06</load_address>
         <run_address>0x4c06</run_address>
         <size>0xc</size>
         <input_file_ref idref="fl-ef"/>
      </object_component>
      <object_component id="oc-27">
         <name>.text</name>
         <load_address>0x4c12</load_address>
         <run_address>0x4c12</run_address>
         <size>0xc</size>
         <input_file_ref idref="fl-4"/>
      </object_component>
      <object_component id="oc-11c">
         <name>.text:UARTIntStatus</name>
         <load_address>0x4c1e</load_address>
         <run_address>0x4c1e</run_address>
         <size>0xa</size>
         <input_file_ref idref="fl-ee"/>
      </object_component>
      <object_component id="oc-f2">
         <name>.text:TimerIntEnable</name>
         <load_address>0x4c28</load_address>
         <run_address>0x4c28</run_address>
         <size>0x8</size>
         <input_file_ref idref="fl-ed"/>
      </object_component>
      <object_component id="oc-116">
         <name>.text:UARTIntEnable</name>
         <load_address>0x4c30</load_address>
         <run_address>0x4c30</run_address>
         <size>0x8</size>
         <input_file_ref idref="fl-ee"/>
      </object_component>
      <object_component id="oc-31d">
         <name>.text:__aeabi_errno_addr</name>
         <load_address>0x4c38</load_address>
         <run_address>0x4c38</run_address>
         <size>0x8</size>
         <input_file_ref idref="fl-e4"/>
      </object_component>
      <object_component id="oc-200">
         <name>.text:_uninpchar</name>
         <load_address>0x4c40</load_address>
         <run_address>0x4c40</run_address>
         <size>0x8</size>
         <input_file_ref idref="fl-c0"/>
      </object_component>
      <object_component id="oc-1ac">
         <name>.text:SysCtlDelay</name>
         <load_address>0x4c48</load_address>
         <run_address>0x4c48</run_address>
         <size>0x6</size>
         <input_file_ref idref="fl-ec"/>
      </object_component>
      <object_component id="oc-13a">
         <name>.text:TimerIntClear</name>
         <load_address>0x4c4e</load_address>
         <run_address>0x4c4e</run_address>
         <size>0x4</size>
         <input_file_ref idref="fl-ed"/>
      </object_component>
      <object_component id="oc-122">
         <name>.text:UARTIntClear</name>
         <load_address>0x4c52</load_address>
         <run_address>0x4c52</run_address>
         <size>0x4</size>
         <input_file_ref idref="fl-ee"/>
      </object_component>
      <object_component id="oc-95">
         <name>.text:_system_pre_init</name>
         <load_address>0x4c56</load_address>
         <run_address>0x4c56</run_address>
         <size>0x4</size>
         <input_file_ref idref="fl-d3"/>
      </object_component>
      <object_component id="oc-14a">
         <name>.text:abort:abort</name>
         <load_address>0x4c5a</load_address>
         <run_address>0x4c5a</run_address>
         <size>0x4</size>
         <input_file_ref idref="fl-d5"/>
      </object_component>
      <object_component id="oc-2c5">
         <name>.const:.string:_ctypes_</name>
         <load_address>0x4c60</load_address>
         <run_address>0x4c60</run_address>
         <size>0x101</size>
         <input_file_ref idref="fl-c5"/>
      </object_component>
      <object_component id="oc-197">
         <name>.const:g_ppui32GPIOIntMapSnowflake</name>
         <load_address>0x4d64</load_address>
         <run_address>0x4d64</run_address>
         <size>0xd8</size>
         <input_file_ref idref="fl-3"/>
      </object_component>
      <object_component id="oc-386">
         <name>.const:$O1$$</name>
         <load_address>0x4e40</load_address>
         <run_address>0x4e40</run_address>
         <size>0xc8</size>
         <input_file_ref idref="fl-df"/>
      </object_component>
      <object_component id="oc-194">
         <name>.const:g_ppui32GPIOIntMapBlizzard</name>
         <load_address>0x4f08</load_address>
         <run_address>0x4f08</run_address>
         <size>0xc0</size>
         <input_file_ref idref="fl-3"/>
      </object_component>
      <object_component id="oc-1ad">
         <name>.const:g_pui32GPIOBaseAddrs</name>
         <load_address>0x4fc8</load_address>
         <run_address>0x4fc8</run_address>
         <size>0x90</size>
         <input_file_ref idref="fl-3"/>
      </object_component>
      <object_component id="oc-1c1">
         <name>.const:g_pui32Xtals</name>
         <load_address>0x5058</load_address>
         <run_address>0x5058</run_address>
         <size>0x6c</size>
         <input_file_ref idref="fl-ec"/>
      </object_component>
      <object_component id="oc-285">
         <name>.const:g_ppui32TimerIntMap</name>
         <load_address>0x50c4</load_address>
         <run_address>0x50c4</run_address>
         <size>0x60</size>
         <input_file_ref idref="fl-ed"/>
      </object_component>
      <object_component id="oc-288">
         <name>.const:g_ppui32TimerIntMapSnowflake</name>
         <load_address>0x5124</load_address>
         <run_address>0x5124</run_address>
         <size>0x40</size>
         <input_file_ref idref="fl-ed"/>
      </object_component>
      <object_component id="oc-295">
         <name>.const:g_ppui32UARTIntMap</name>
         <load_address>0x5164</load_address>
         <run_address>0x5164</run_address>
         <size>0x40</size>
         <input_file_ref idref="fl-ee"/>
      </object_component>
      <object_component id="oc-298">
         <name>.const:g_ppui32UARTIntMapSnowflake</name>
         <load_address>0x51a4</load_address>
         <run_address>0x51a4</run_address>
         <size>0x40</size>
         <input_file_ref idref="fl-ee"/>
      </object_component>
      <object_component id="oc-25d">
         <name>.const:g_pui32Dii16Regs</name>
         <load_address>0x51e4</load_address>
         <run_address>0x51e4</run_address>
         <size>0x14</size>
         <input_file_ref idref="fl-eb"/>
      </object_component>
      <object_component id="oc-1ce">
         <name>.const:g_pui32EnRegs</name>
         <load_address>0x51f8</load_address>
         <run_address>0x51f8</run_address>
         <size>0x14</size>
         <input_file_ref idref="fl-eb"/>
      </object_component>
      <object_component id="oc-2e0">
         <name>.const:$O1$$</name>
         <load_address>0x520c</load_address>
         <run_address>0x520c</run_address>
         <size>0x10</size>
         <input_file_ref idref="fl-c8"/>
      </object_component>
      <object_component id="oc-482">
         <name>__TI_handler_table</name>
         <load_address>0x5220</load_address>
         <run_address>0x5220</run_address>
         <size>0xc</size>
      </object_component>
      <object_component id="oc-485">
         <name>.cinit..data.load</name>
         <load_address>0x522c</load_address>
         <run_address>0x522c</run_address>
         <size>0x8</size>
      </object_component>
      <object_component id="oc-484">
         <name>.cinit..vtable.load</name>
         <load_address>0x5238</load_address>
         <run_address>0x5238</run_address>
         <size>0x8</size>
      </object_component>
      <object_component id="oc-483">
         <name>__TI_cinit_table</name>
         <load_address>0x5240</load_address>
         <run_address>0x5240</run_address>
         <size>0x10</size>
      </object_component>
      <object_component id="oc-259">
         <name>.vtable</name>
         <uninitialized>true</uninitialized>
         <run_address>0x20000000</run_address>
         <size>0x26c</size>
         <input_file_ref idref="fl-eb"/>
      </object_component>
      <object_component id="oc-146">
         <name>.data</name>
         <load_address>0x20000470</load_address>
         <run_address>0x20000470</run_address>
         <size>0x10</size>
         <input_file_ref idref="fl-2"/>
      </object_component>
      <object_component id="oc-3e5">
         <name>.data</name>
         <load_address>0x20000480</load_address>
         <run_address>0x20000480</run_address>
         <size>0x4</size>
         <input_file_ref idref="fl-e4"/>
      </object_component>
      <object_component id="oc-24">
         <name>.stack</name>
         <uninitialized>true</uninitialized>
         <run_address>0x20000270</run_address>
         <size>0x4</size>
         <input_file_ref idref="fl-c6"/>
      </object_component>
      <object_component id="oc-487">
         <name>.stack</name>
         <uninitialized>true</uninitialized>
         <run_address>0x20000270</run_address>
         <size>0x0</size>
      </object_component>
      <object_component id="oc-b7">
         <name>.debug_info</name>
         <load_address>0x0</load_address>
         <run_address>0x0</run_address>
         <size>0x7c3</size>
         <input_file_ref idref="fl-2"/>
      </object_component>
      <object_component id="oc-147">
         <name>.debug_info</name>
         <load_address>0x7c3</load_address>
         <run_address>0x7c3</run_address>
         <size>0xec</size>
         <input_file_ref idref="fl-2"/>
      </object_component>
      <object_component id="oc-9e">
         <name>.debug_info</name>
         <load_address>0x8af</load_address>
         <run_address>0x8af</run_address>
         <size>0x60a</size>
         <input_file_ref idref="fl-2"/>
      </object_component>
      <object_component id="oc-70">
         <name>.debug_info</name>
         <load_address>0xeb9</load_address>
         <run_address>0xeb9</run_address>
         <size>0x26b</size>
         <input_file_ref idref="fl-2"/>
      </object_component>
      <object_component id="oc-b2">
         <name>.debug_info</name>
         <load_address>0x1124</load_address>
         <run_address>0x1124</run_address>
         <size>0x8b</size>
         <input_file_ref idref="fl-2"/>
      </object_component>
      <object_component id="oc-ad">
         <name>.debug_info</name>
         <load_address>0x11af</load_address>
         <run_address>0x11af</run_address>
         <size>0x2a4</size>
         <input_file_ref idref="fl-2"/>
      </object_component>
      <object_component id="oc-1b2">
         <name>.debug_info</name>
         <load_address>0x1453</load_address>
         <run_address>0x1453</run_address>
         <size>0xef</size>
         <input_file_ref idref="fl-2"/>
      </object_component>
      <object_component id="oc-75">
         <name>.debug_info</name>
         <load_address>0x1542</load_address>
         <run_address>0x1542</run_address>
         <size>0xbb</size>
         <input_file_ref idref="fl-2"/>
      </object_component>
      <object_component id="oc-18f">
         <name>.debug_info</name>
         <load_address>0x15fd</load_address>
         <run_address>0x15fd</run_address>
         <size>0xcc</size>
         <input_file_ref idref="fl-2"/>
      </object_component>
      <object_component id="oc-20e">
         <name>.debug_info</name>
         <load_address>0x16c9</load_address>
         <run_address>0x16c9</run_address>
         <size>0x2c</size>
         <input_file_ref idref="fl-2"/>
      </object_component>
      <object_component id="oc-18a">
         <name>.debug_info</name>
         <load_address>0x16f5</load_address>
         <run_address>0x16f5</run_address>
         <size>0x35</size>
         <input_file_ref idref="fl-2"/>
      </object_component>
      <object_component id="oc-1b1">
         <name>.debug_info</name>
         <load_address>0x172a</load_address>
         <run_address>0x172a</run_address>
         <size>0x3c3</size>
         <input_file_ref idref="fl-3"/>
      </object_component>
      <object_component id="oc-195">
         <name>.debug_info</name>
         <load_address>0x1aed</load_address>
         <run_address>0x1aed</run_address>
         <size>0xef</size>
         <input_file_ref idref="fl-3"/>
      </object_component>
      <object_component id="oc-198">
         <name>.debug_info</name>
         <load_address>0x1bdc</load_address>
         <run_address>0x1bdc</run_address>
         <size>0xf1</size>
         <input_file_ref idref="fl-3"/>
      </object_component>
      <object_component id="oc-1ae">
         <name>.debug_info</name>
         <load_address>0x1ccd</load_address>
         <run_address>0x1ccd</run_address>
         <size>0xe3</size>
         <input_file_ref idref="fl-3"/>
      </object_component>
      <object_component id="oc-ca">
         <name>.debug_info</name>
         <load_address>0x1db0</load_address>
         <run_address>0x1db0</run_address>
         <size>0x4209</size>
         <input_file_ref idref="fl-3"/>
      </object_component>
      <object_component id="oc-2f">
         <name>.debug_info</name>
         <load_address>0x5fb9</load_address>
         <run_address>0x5fb9</run_address>
         <size>0x2a7</size>
         <input_file_ref idref="fl-4"/>
      </object_component>
      <object_component id="oc-13">
         <name>.debug_info</name>
         <load_address>0x6260</load_address>
         <run_address>0x6260</run_address>
         <size>0xe6</size>
         <input_file_ref idref="fl-4"/>
      </object_component>
      <object_component id="oc-29">
         <name>.debug_info</name>
         <load_address>0x6346</load_address>
         <run_address>0x6346</run_address>
         <size>0x262</size>
         <input_file_ref idref="fl-4"/>
      </object_component>
      <object_component id="oc-36">
         <name>.debug_info</name>
         <load_address>0x65a8</load_address>
         <run_address>0x65a8</run_address>
         <size>0x84</size>
         <input_file_ref idref="fl-4"/>
      </object_component>
      <object_component id="oc-228">
         <name>.debug_info</name>
         <load_address>0x662c</load_address>
         <run_address>0x662c</run_address>
         <size>0x33a</size>
         <input_file_ref idref="fl-bf"/>
      </object_component>
      <object_component id="oc-142">
         <name>.debug_info</name>
         <load_address>0x6966</load_address>
         <run_address>0x6966</run_address>
         <size>0x1ee</size>
         <input_file_ref idref="fl-bf"/>
      </object_component>
      <object_component id="oc-21e">
         <name>.debug_info</name>
         <load_address>0x6b54</load_address>
         <run_address>0x6b54</run_address>
         <size>0x1c3</size>
         <input_file_ref idref="fl-bf"/>
      </object_component>
      <object_component id="oc-222">
         <name>.debug_info</name>
         <load_address>0x6d17</load_address>
         <run_address>0x6d17</run_address>
         <size>0x176</size>
         <input_file_ref idref="fl-bf"/>
      </object_component>
      <object_component id="oc-229">
         <name>.debug_info</name>
         <load_address>0x6e8d</load_address>
         <run_address>0x6e8d</run_address>
         <size>0x2c</size>
         <input_file_ref idref="fl-bf"/>
      </object_component>
      <object_component id="oc-22e">
         <name>.debug_info</name>
         <load_address>0x6eb9</load_address>
         <run_address>0x6eb9</run_address>
         <size>0x69</size>
         <input_file_ref idref="fl-bf"/>
      </object_component>
      <object_component id="oc-20d">
         <name>.debug_info</name>
         <load_address>0x6f22</load_address>
         <run_address>0x6f22</run_address>
         <size>0x37a</size>
         <input_file_ref idref="fl-c0"/>
      </object_component>
      <object_component id="oc-132">
         <name>.debug_info</name>
         <load_address>0x729c</load_address>
         <run_address>0x729c</run_address>
         <size>0x17e</size>
         <input_file_ref idref="fl-c0"/>
      </object_component>
      <object_component id="oc-203">
         <name>.debug_info</name>
         <load_address>0x741a</load_address>
         <run_address>0x741a</run_address>
         <size>0x171</size>
         <input_file_ref idref="fl-c0"/>
      </object_component>
      <object_component id="oc-1fc">
         <name>.debug_info</name>
         <load_address>0x758b</load_address>
         <run_address>0x758b</run_address>
         <size>0x17e</size>
         <input_file_ref idref="fl-c0"/>
      </object_component>
      <object_component id="oc-208">
         <name>.debug_info</name>
         <load_address>0x7709</load_address>
         <run_address>0x7709</run_address>
         <size>0x1de</size>
         <input_file_ref idref="fl-c0"/>
      </object_component>
      <object_component id="oc-3e">
         <name>.debug_info</name>
         <load_address>0x78e7</load_address>
         <run_address>0x78e7</run_address>
         <size>0x119</size>
         <input_file_ref idref="fl-c1"/>
      </object_component>
      <object_component id="oc-8e">
         <name>.debug_info</name>
         <load_address>0x7a00</load_address>
         <run_address>0x7a00</run_address>
         <size>0x2d4</size>
         <input_file_ref idref="fl-c2"/>
      </object_component>
      <object_component id="oc-49">
         <name>.debug_info</name>
         <load_address>0x7cd4</load_address>
         <run_address>0x7cd4</run_address>
         <size>0x1d2</size>
         <input_file_ref idref="fl-c2"/>
      </object_component>
      <object_component id="oc-89">
         <name>.debug_info</name>
         <load_address>0x7ea6</load_address>
         <run_address>0x7ea6</run_address>
         <size>0x46</size>
         <input_file_ref idref="fl-c2"/>
      </object_component>
      <object_component id="oc-bf">
         <name>.debug_info</name>
         <load_address>0x7eec</load_address>
         <run_address>0x7eec</run_address>
         <size>0x2c</size>
         <input_file_ref idref="fl-c2"/>
      </object_component>
      <object_component id="oc-46">
         <name>.debug_info</name>
         <load_address>0x7f18</load_address>
         <run_address>0x7f18</run_address>
         <size>0x2a8</size>
         <input_file_ref idref="fl-c3"/>
      </object_component>
      <object_component id="oc-1d">
         <name>.debug_info</name>
         <load_address>0x81c0</load_address>
         <run_address>0x81c0</run_address>
         <size>0x1ea</size>
         <input_file_ref idref="fl-c3"/>
      </object_component>
      <object_component id="oc-41">
         <name>.debug_info</name>
         <load_address>0x83aa</load_address>
         <run_address>0x83aa</run_address>
         <size>0x46</size>
         <input_file_ref idref="fl-c3"/>
      </object_component>
      <object_component id="oc-81">
         <name>.debug_info</name>
         <load_address>0x83f0</load_address>
         <run_address>0x83f0</run_address>
         <size>0x2c</size>
         <input_file_ref idref="fl-c3"/>
      </object_component>
      <object_component id="oc-7f">
         <name>.debug_info</name>
         <load_address>0x841c</load_address>
         <run_address>0x841c</run_address>
         <size>0x29e</size>
         <input_file_ref idref="fl-c4"/>
      </object_component>
      <object_component id="oc-16">
         <name>.debug_info</name>
         <load_address>0x86ba</load_address>
         <run_address>0x86ba</run_address>
         <size>0x250</size>
         <input_file_ref idref="fl-c4"/>
      </object_component>
      <object_component id="oc-31">
         <name>.debug_info</name>
         <load_address>0x890a</load_address>
         <run_address>0x890a</run_address>
         <size>0x60</size>
         <input_file_ref idref="fl-c4"/>
      </object_component>
      <object_component id="oc-b8">
         <name>.debug_info</name>
         <load_address>0x896a</load_address>
         <run_address>0x896a</run_address>
         <size>0x46</size>
         <input_file_ref idref="fl-c4"/>
      </object_component>
      <object_component id="oc-7a">
         <name>.debug_info</name>
         <load_address>0x89b0</load_address>
         <run_address>0x89b0</run_address>
         <size>0x39</size>
         <input_file_ref idref="fl-c4"/>
      </object_component>
      <object_component id="oc-393">
         <name>.debug_info</name>
         <load_address>0x89e9</load_address>
         <run_address>0x89e9</run_address>
         <size>0xf9</size>
         <input_file_ref idref="fl-c5"/>
      </object_component>
      <object_component id="oc-2c6">
         <name>.debug_info</name>
         <load_address>0x8ae2</load_address>
         <run_address>0x8ae2</run_address>
         <size>0x105</size>
         <input_file_ref idref="fl-c5"/>
      </object_component>
      <object_component id="oc-25">
         <name>.debug_info</name>
         <load_address>0x8be7</load_address>
         <run_address>0x8be7</run_address>
         <size>0x10b</size>
         <input_file_ref idref="fl-c6"/>
      </object_component>
      <object_component id="oc-5d">
         <name>.debug_info</name>
         <load_address>0x8cf2</load_address>
         <run_address>0x8cf2</run_address>
         <size>0x1a9</size>
         <input_file_ref idref="fl-c6"/>
      </object_component>
      <object_component id="oc-324">
         <name>.debug_info</name>
         <load_address>0x8e9b</load_address>
         <run_address>0x8e9b</run_address>
         <size>0x590</size>
         <input_file_ref idref="fl-c7"/>
      </object_component>
      <object_component id="oc-2f1">
         <name>.debug_info</name>
         <load_address>0x942b</load_address>
         <run_address>0x942b</run_address>
         <size>0x21e</size>
         <input_file_ref idref="fl-c7"/>
      </object_component>
      <object_component id="oc-3bc">
         <name>.debug_info</name>
         <load_address>0x9649</load_address>
         <run_address>0x9649</run_address>
         <size>0x1b3</size>
         <input_file_ref idref="fl-c7"/>
      </object_component>
      <object_component id="oc-3c2">
         <name>.debug_info</name>
         <load_address>0x97fc</load_address>
         <run_address>0x97fc</run_address>
         <size>0x21b</size>
         <input_file_ref idref="fl-c7"/>
      </object_component>
      <object_component id="oc-2fc">
         <name>.debug_info</name>
         <load_address>0x9a17</load_address>
         <run_address>0x9a17</run_address>
         <size>0x3c0</size>
         <input_file_ref idref="fl-c7"/>
      </object_component>
      <object_component id="oc-3ca">
         <name>.debug_info</name>
         <load_address>0x9dd7</load_address>
         <run_address>0x9dd7</run_address>
         <size>0x30a</size>
         <input_file_ref idref="fl-c7"/>
      </object_component>
      <object_component id="oc-3d0">
         <name>.debug_info</name>
         <load_address>0xa0e1</load_address>
         <run_address>0xa0e1</run_address>
         <size>0x215</size>
         <input_file_ref idref="fl-c7"/>
      </object_component>
      <object_component id="oc-302">
         <name>.debug_info</name>
         <load_address>0xa2f6</load_address>
         <run_address>0xa2f6</run_address>
         <size>0x215</size>
         <input_file_ref idref="fl-c7"/>
      </object_component>
      <object_component id="oc-308">
         <name>.debug_info</name>
         <load_address>0xa50b</load_address>
         <run_address>0xa50b</run_address>
         <size>0x304</size>
         <input_file_ref idref="fl-c7"/>
      </object_component>
      <object_component id="oc-30e">
         <name>.debug_info</name>
         <load_address>0xa80f</load_address>
         <run_address>0xa80f</run_address>
         <size>0x4b5</size>
         <input_file_ref idref="fl-c7"/>
      </object_component>
      <object_component id="oc-218">
         <name>.debug_info</name>
         <load_address>0xacc4</load_address>
         <run_address>0xacc4</run_address>
         <size>0x5f4</size>
         <input_file_ref idref="fl-c7"/>
      </object_component>
      <object_component id="oc-325">
         <name>.debug_info</name>
         <load_address>0xb2b8</load_address>
         <run_address>0xb2b8</run_address>
         <size>0x86</size>
         <input_file_ref idref="fl-c7"/>
      </object_component>
      <object_component id="oc-39e">
         <name>.debug_info</name>
         <load_address>0xb33e</load_address>
         <run_address>0xb33e</run_address>
         <size>0x39</size>
         <input_file_ref idref="fl-c7"/>
      </object_component>
      <object_component id="oc-447">
         <name>.debug_info</name>
         <load_address>0xb377</load_address>
         <run_address>0xb377</run_address>
         <size>0xb6</size>
         <input_file_ref idref="fl-c7"/>
      </object_component>
      <object_component id="oc-3ec">
         <name>.debug_info</name>
         <load_address>0xb42d</load_address>
         <run_address>0xb42d</run_address>
         <size>0x46</size>
         <input_file_ref idref="fl-c7"/>
      </object_component>
      <object_component id="oc-32a">
         <name>.debug_info</name>
         <load_address>0xb473</load_address>
         <run_address>0xb473</run_address>
         <size>0x46</size>
         <input_file_ref idref="fl-c7"/>
      </object_component>
      <object_component id="oc-2e2">
         <name>.debug_info</name>
         <load_address>0xb4b9</load_address>
         <run_address>0xb4b9</run_address>
         <size>0x5ce</size>
         <input_file_ref idref="fl-c8"/>
      </object_component>
      <object_component id="oc-1f7">
         <name>.debug_info</name>
         <load_address>0xba87</load_address>
         <run_address>0xba87</run_address>
         <size>0xa45</size>
         <input_file_ref idref="fl-c8"/>
      </object_component>
      <object_component id="oc-2e4">
         <name>.debug_info</name>
         <load_address>0xc4cc</load_address>
         <run_address>0xc4cc</run_address>
         <size>0x9a</size>
         <input_file_ref idref="fl-c8"/>
      </object_component>
      <object_component id="oc-377">
         <name>.debug_info</name>
         <load_address>0xc566</load_address>
         <run_address>0xc566</run_address>
         <size>0x14c</size>
         <input_file_ref idref="fl-c9"/>
      </object_component>
      <object_component id="oc-2f6">
         <name>.debug_info</name>
         <load_address>0xc6b2</load_address>
         <run_address>0xc6b2</run_address>
         <size>0x128</size>
         <input_file_ref idref="fl-ca"/>
      </object_component>
      <object_component id="oc-3a6">
         <name>.debug_info</name>
         <load_address>0xc7da</load_address>
         <run_address>0xc7da</run_address>
         <size>0x12a</size>
         <input_file_ref idref="fl-ca"/>
      </object_component>
      <object_component id="oc-37e">
         <name>.debug_info</name>
         <load_address>0xc904</load_address>
         <run_address>0xc904</run_address>
         <size>0x13a</size>
         <input_file_ref idref="fl-cb"/>
      </object_component>
      <object_component id="oc-373">
         <name>.debug_info</name>
         <load_address>0xca3e</load_address>
         <run_address>0xca3e</run_address>
         <size>0x13a</size>
         <input_file_ref idref="fl-cc"/>
      </object_component>
      <object_component id="oc-3ab">
         <name>.debug_info</name>
         <load_address>0xcb78</load_address>
         <run_address>0xcb78</run_address>
         <size>0x12e</size>
         <input_file_ref idref="fl-cd"/>
      </object_component>
      <object_component id="oc-2b5">
         <name>.debug_info</name>
         <load_address>0xcca6</load_address>
         <run_address>0xcca6</run_address>
         <size>0x13e</size>
         <input_file_ref idref="fl-ce"/>
      </object_component>
      <object_component id="oc-3b6">
         <name>.debug_info</name>
         <load_address>0xcde4</load_address>
         <run_address>0xcde4</run_address>
         <size>0x12c</size>
         <input_file_ref idref="fl-cf"/>
      </object_component>
      <object_component id="oc-91">
         <name>.debug_info</name>
         <load_address>0xcf10</load_address>
         <run_address>0xcf10</run_address>
         <size>0x147</size>
         <input_file_ref idref="fl-d0"/>
      </object_component>
      <object_component id="oc-36a">
         <name>.debug_info</name>
         <load_address>0xd057</load_address>
         <run_address>0xd057</run_address>
         <size>0x134</size>
         <input_file_ref idref="fl-d1"/>
      </object_component>
      <object_component id="oc-240">
         <name>.debug_info</name>
         <load_address>0xd18b</load_address>
         <run_address>0xd18b</run_address>
         <size>0x4b3</size>
         <input_file_ref idref="fl-d2"/>
      </object_component>
      <object_component id="oc-158">
         <name>.debug_info</name>
         <load_address>0xd63e</load_address>
         <run_address>0xd63e</run_address>
         <size>0x1a6</size>
         <input_file_ref idref="fl-d2"/>
      </object_component>
      <object_component id="oc-343">
         <name>.debug_info</name>
         <load_address>0xd7e4</load_address>
         <run_address>0xd7e4</run_address>
         <size>0x39</size>
         <input_file_ref idref="fl-d2"/>
      </object_component>
      <object_component id="oc-3f4">
         <name>.debug_info</name>
         <load_address>0xd81d</load_address>
         <run_address>0xd81d</run_address>
         <size>0x39</size>
         <input_file_ref idref="fl-d2"/>
      </object_component>
      <object_component id="oc-348">
         <name>.debug_info</name>
         <load_address>0xd856</load_address>
         <run_address>0xd856</run_address>
         <size>0x39</size>
         <input_file_ref idref="fl-d2"/>
      </object_component>
      <object_component id="oc-34d">
         <name>.debug_info</name>
         <load_address>0xd88f</load_address>
         <run_address>0xd88f</run_address>
         <size>0xcd</size>
         <input_file_ref idref="fl-d2"/>
      </object_component>
      <object_component id="oc-96">
         <name>.debug_info</name>
         <load_address>0xd95c</load_address>
         <run_address>0xd95c</run_address>
         <size>0x153</size>
         <input_file_ref idref="fl-d3"/>
      </object_component>
      <object_component id="oc-14d">
         <name>.debug_info</name>
         <load_address>0xdaaf</load_address>
         <run_address>0xdaaf</run_address>
         <size>0x122</size>
         <input_file_ref idref="fl-d5"/>
      </object_component>
      <object_component id="oc-432">
         <name>.debug_info</name>
         <load_address>0xdbd1</load_address>
         <run_address>0xdbd1</run_address>
         <size>0x29c</size>
         <input_file_ref idref="fl-d7"/>
      </object_component>
      <object_component id="oc-3b0">
         <name>.debug_info</name>
         <load_address>0xde6d</load_address>
         <run_address>0xde6d</run_address>
         <size>0x1da</size>
         <input_file_ref idref="fl-d7"/>
      </object_component>
      <object_component id="oc-397">
         <name>.debug_info</name>
         <load_address>0xe047</load_address>
         <run_address>0xe047</run_address>
         <size>0x2b9</size>
         <input_file_ref idref="fl-d9"/>
      </object_component>
      <object_component id="oc-2d0">
         <name>.debug_info</name>
         <load_address>0xe300</load_address>
         <run_address>0xe300</run_address>
         <size>0x17c</size>
         <input_file_ref idref="fl-d9"/>
      </object_component>
      <object_component id="oc-3dd">
         <name>.debug_info</name>
         <load_address>0xe47c</load_address>
         <run_address>0xe47c</run_address>
         <size>0x2a7</size>
         <input_file_ref idref="fl-da"/>
      </object_component>
      <object_component id="oc-312">
         <name>.debug_info</name>
         <load_address>0xe723</load_address>
         <run_address>0xe723</run_address>
         <size>0x1b8</size>
         <input_file_ref idref="fl-da"/>
      </object_component>
      <object_component id="oc-39b">
         <name>.debug_info</name>
         <load_address>0xe8db</load_address>
         <run_address>0xe8db</run_address>
         <size>0x29a</size>
         <input_file_ref idref="fl-db"/>
      </object_component>
      <object_component id="oc-2de">
         <name>.debug_info</name>
         <load_address>0xeb75</load_address>
         <run_address>0xeb75</run_address>
         <size>0x262</size>
         <input_file_ref idref="fl-db"/>
      </object_component>
      <object_component id="oc-362">
         <name>.debug_info</name>
         <load_address>0xedd7</load_address>
         <run_address>0xedd7</run_address>
         <size>0x2a4</size>
         <input_file_ref idref="fl-dc"/>
      </object_component>
      <object_component id="oc-2a0">
         <name>.debug_info</name>
         <load_address>0xf07b</load_address>
         <run_address>0xf07b</run_address>
         <size>0x24d</size>
         <input_file_ref idref="fl-dc"/>
      </object_component>
      <object_component id="oc-395">
         <name>.debug_info</name>
         <load_address>0xf2c8</load_address>
         <run_address>0xf2c8</run_address>
         <size>0x28f</size>
         <input_file_ref idref="fl-dd"/>
      </object_component>
      <object_component id="oc-2cb">
         <name>.debug_info</name>
         <load_address>0xf557</load_address>
         <run_address>0xf557</run_address>
         <size>0x245</size>
         <input_file_ref idref="fl-dd"/>
      </object_component>
      <object_component id="oc-399">
         <name>.debug_info</name>
         <load_address>0xf79c</load_address>
         <run_address>0xf79c</run_address>
         <size>0x296</size>
         <input_file_ref idref="fl-de"/>
      </object_component>
      <object_component id="oc-2d6">
         <name>.debug_info</name>
         <load_address>0xfa32</load_address>
         <run_address>0xfa32</run_address>
         <size>0x265</size>
         <input_file_ref idref="fl-de"/>
      </object_component>
      <object_component id="oc-38a">
         <name>.debug_info</name>
         <load_address>0xfc97</load_address>
         <run_address>0xfc97</run_address>
         <size>0x3b1</size>
         <input_file_ref idref="fl-df"/>
      </object_component>
      <object_component id="oc-387">
         <name>.debug_info</name>
         <load_address>0x10048</load_address>
         <run_address>0x10048</run_address>
         <size>0x123</size>
         <input_file_ref idref="fl-df"/>
      </object_component>
      <object_component id="oc-2af">
         <name>.debug_info</name>
         <load_address>0x1016b</load_address>
         <run_address>0x1016b</run_address>
         <size>0x4e0</size>
         <input_file_ref idref="fl-df"/>
      </object_component>
      <object_component id="oc-38e">
         <name>.debug_info</name>
         <load_address>0x1064b</load_address>
         <run_address>0x1064b</run_address>
         <size>0x321</size>
         <input_file_ref idref="fl-e0"/>
      </object_component>
      <object_component id="oc-2ba">
         <name>.debug_info</name>
         <load_address>0x1096c</load_address>
         <run_address>0x1096c</run_address>
         <size>0x28b</size>
         <input_file_ref idref="fl-e0"/>
      </object_component>
      <object_component id="oc-390">
         <name>.debug_info</name>
         <load_address>0x10bf7</load_address>
         <run_address>0x10bf7</run_address>
         <size>0x322</size>
         <input_file_ref idref="fl-e1"/>
      </object_component>
      <object_component id="oc-2c3">
         <name>.debug_info</name>
         <load_address>0x10f19</load_address>
         <run_address>0x10f19</run_address>
         <size>0x2cf</size>
         <input_file_ref idref="fl-e1"/>
      </object_component>
      <object_component id="oc-370">
         <name>.debug_info</name>
         <load_address>0x111e8</load_address>
         <run_address>0x111e8</run_address>
         <size>0x322</size>
         <input_file_ref idref="fl-e2"/>
      </object_component>
      <object_component id="oc-2a9">
         <name>.debug_info</name>
         <load_address>0x1150a</load_address>
         <run_address>0x1150a</run_address>
         <size>0x231</size>
         <input_file_ref idref="fl-e2"/>
      </object_component>
      <object_component id="oc-36e">
         <name>.debug_info</name>
         <load_address>0x1173b</load_address>
         <run_address>0x1173b</run_address>
         <size>0x323</size>
         <input_file_ref idref="fl-e3"/>
      </object_component>
      <object_component id="oc-2a6">
         <name>.debug_info</name>
         <load_address>0x11a5e</load_address>
         <run_address>0x11a5e</run_address>
         <size>0x254</size>
         <input_file_ref idref="fl-e3"/>
      </object_component>
      <object_component id="oc-3e9">
         <name>.debug_info</name>
         <load_address>0x11cb2</load_address>
         <run_address>0x11cb2</run_address>
         <size>0x289</size>
         <input_file_ref idref="fl-e4"/>
      </object_component>
      <object_component id="oc-3e6">
         <name>.debug_info</name>
         <load_address>0x11f3b</load_address>
         <run_address>0x11f3b</run_address>
         <size>0x10e</size>
         <input_file_ref idref="fl-e4"/>
      </object_component>
      <object_component id="oc-31e">
         <name>.debug_info</name>
         <load_address>0x12049</load_address>
         <run_address>0x12049</run_address>
         <size>0x14e</size>
         <input_file_ref idref="fl-e4"/>
      </object_component>
      <object_component id="oc-3e4">
         <name>.debug_info</name>
         <load_address>0x12197</load_address>
         <run_address>0x12197</run_address>
         <size>0x28f</size>
         <input_file_ref idref="fl-e5"/>
      </object_component>
      <object_component id="oc-318">
         <name>.debug_info</name>
         <load_address>0x12426</load_address>
         <run_address>0x12426</run_address>
         <size>0x15a</size>
         <input_file_ref idref="fl-e5"/>
      </object_component>
      <object_component id="oc-43c">
         <name>.debug_info</name>
         <load_address>0x12580</load_address>
         <run_address>0x12580</run_address>
         <size>0x46</size>
         <input_file_ref idref="fl-e5"/>
      </object_component>
      <object_component id="oc-3df">
         <name>.debug_info</name>
         <load_address>0x125c6</load_address>
         <run_address>0x125c6</run_address>
         <size>0x39</size>
         <input_file_ref idref="fl-e5"/>
      </object_component>
      <object_component id="oc-439">
         <name>.debug_info</name>
         <load_address>0x125ff</load_address>
         <run_address>0x125ff</run_address>
         <size>0x295</size>
         <input_file_ref idref="fl-e6"/>
      </object_component>
      <object_component id="oc-3d6">
         <name>.debug_info</name>
         <load_address>0x12894</load_address>
         <run_address>0x12894</run_address>
         <size>0x195</size>
         <input_file_ref idref="fl-e6"/>
      </object_component>
      <object_component id="oc-450">
         <name>.debug_info</name>
         <load_address>0x12a29</load_address>
         <run_address>0x12a29</run_address>
         <size>0x39</size>
         <input_file_ref idref="fl-e6"/>
      </object_component>
      <object_component id="oc-418">
         <name>.debug_info</name>
         <load_address>0x12a62</load_address>
         <run_address>0x12a62</run_address>
         <size>0x2c</size>
         <input_file_ref idref="fl-e6"/>
      </object_component>
      <object_component id="oc-417">
         <name>.debug_info</name>
         <load_address>0x12a8e</load_address>
         <run_address>0x12a8e</run_address>
         <size>0x2f8</size>
         <input_file_ref idref="fl-e7"/>
      </object_component>
      <object_component id="oc-381">
         <name>.debug_info</name>
         <load_address>0x12d86</load_address>
         <run_address>0x12d86</run_address>
         <size>0x225</size>
         <input_file_ref idref="fl-e7"/>
      </object_component>
      <object_component id="oc-405">
         <name>.debug_info</name>
         <load_address>0x12fab</load_address>
         <run_address>0x12fab</run_address>
         <size>0x115</size>
         <input_file_ref idref="fl-e8"/>
      </object_component>
      <object_component id="oc-365">
         <name>.debug_info</name>
         <load_address>0x130c0</load_address>
         <run_address>0x130c0</run_address>
         <size>0x122</size>
         <input_file_ref idref="fl-e9"/>
      </object_component>
      <object_component id="oc-413">
         <name>.debug_info</name>
         <load_address>0x131e2</load_address>
         <run_address>0x131e2</run_address>
         <size>0x161</size>
         <input_file_ref idref="fl-ea"/>
      </object_component>
      <object_component id="oc-1d2">
         <name>.debug_info</name>
         <load_address>0x13343</load_address>
         <run_address>0x13343</run_address>
         <size>0x3b7</size>
         <input_file_ref idref="fl-eb"/>
      </object_component>
      <object_component id="oc-1cf">
         <name>.debug_info</name>
         <load_address>0x136fa</load_address>
         <run_address>0x136fa</run_address>
         <size>0x15b</size>
         <input_file_ref idref="fl-eb"/>
      </object_component>
      <object_component id="oc-25e">
         <name>.debug_info</name>
         <load_address>0x13855</load_address>
         <run_address>0x13855</run_address>
         <size>0x161</size>
         <input_file_ref idref="fl-eb"/>
      </object_component>
      <object_component id="oc-25a">
         <name>.debug_info</name>
         <load_address>0x139b6</load_address>
         <run_address>0x139b6</run_address>
         <size>0x160</size>
         <input_file_ref idref="fl-eb"/>
      </object_component>
      <object_component id="oc-262">
         <name>.debug_info</name>
         <load_address>0x13b16</load_address>
         <run_address>0x13b16</run_address>
         <size>0x22e</size>
         <input_file_ref idref="fl-eb"/>
      </object_component>
      <object_component id="oc-1a8">
         <name>.debug_info</name>
         <load_address>0x13d44</load_address>
         <run_address>0x13d44</run_address>
         <size>0x279</size>
         <input_file_ref idref="fl-eb"/>
      </object_component>
      <object_component id="oc-19b">
         <name>.debug_info</name>
         <load_address>0x13fbd</load_address>
         <run_address>0x13fbd</run_address>
         <size>0x2ca</size>
         <input_file_ref idref="fl-eb"/>
      </object_component>
      <object_component id="oc-ff">
         <name>.debug_info</name>
         <load_address>0x14287</load_address>
         <run_address>0x14287</run_address>
         <size>0x247</size>
         <input_file_ref idref="fl-eb"/>
      </object_component>
      <object_component id="oc-f9">
         <name>.debug_info</name>
         <load_address>0x144ce</load_address>
         <run_address>0x144ce</run_address>
         <size>0x271</size>
         <input_file_ref idref="fl-eb"/>
      </object_component>
      <object_component id="oc-1a1">
         <name>.debug_info</name>
         <load_address>0x1473f</load_address>
         <run_address>0x1473f</run_address>
         <size>0x273</size>
         <input_file_ref idref="fl-eb"/>
      </object_component>
      <object_component id="oc-27c">
         <name>.debug_info</name>
         <load_address>0x149b2</load_address>
         <run_address>0x149b2</run_address>
         <size>0x26b</size>
         <input_file_ref idref="fl-eb"/>
      </object_component>
      <object_component id="oc-26c">
         <name>.debug_info</name>
         <load_address>0x14c1d</load_address>
         <run_address>0x14c1d</run_address>
         <size>0x297</size>
         <input_file_ref idref="fl-eb"/>
      </object_component>
      <object_component id="oc-277">
         <name>.debug_info</name>
         <load_address>0x14eb4</load_address>
         <run_address>0x14eb4</run_address>
         <size>0xef</size>
         <input_file_ref idref="fl-eb"/>
      </object_component>
      <object_component id="oc-1b8">
         <name>.debug_info</name>
         <load_address>0x14fa3</load_address>
         <run_address>0x14fa3</run_address>
         <size>0xbb</size>
         <input_file_ref idref="fl-eb"/>
      </object_component>
      <object_component id="oc-1bd">
         <name>.debug_info</name>
         <load_address>0x1505e</load_address>
         <run_address>0x1505e</run_address>
         <size>0x441</size>
         <input_file_ref idref="fl-ec"/>
      </object_component>
      <object_component id="oc-1c2">
         <name>.debug_info</name>
         <load_address>0x1549f</load_address>
         <run_address>0x1549f</run_address>
         <size>0x156</size>
         <input_file_ref idref="fl-ec"/>
      </object_component>
      <object_component id="oc-d5">
         <name>.debug_info</name>
         <load_address>0x155f5</load_address>
         <run_address>0x155f5</run_address>
         <size>0x286</size>
[...]
         <name>GPIOPinTypeComparatorOutput</name>
         <value>0xa23</value>
         <object_component_ref idref="oc-c8"/>
      </symbol>
      <symbol id="sm-16d">
         <name>GPIOPadConfigGet</name>
         <value>0x70f</value>
         <object_component_ref idref="oc-c8"/>
      </symbol>
      <symbol id="sm-16e">
         <name>GPIOPinTypeOneWire</name>
         <value>0xbd9</value>
         <object_component_ref idref="oc-c8"/>
      </symbol>
      <symbol id="sm-16f">
         <name>GPIOIntClear</name>
         <value>0x8e1</value>
         <object_component_ref idref="oc-c8"/>
      </symbol>
      <symbol id="sm-170">
         <name>GPIOADCTriggerEnable</name>
         <value>0xe13</value>
         <object_component_ref idref="oc-c8"/>
      </symbol>
      <symbol id="sm-171">
         <name>GPIOADCTriggerDisable</name>
         <value>0xe31</value>
         <object_component_ref idref="oc-c8"/>
      </symbol>
      <symbol id="sm-172">
         <name>GPIOPinTypeUART</name>
         <value>0xcb1</value>
         <object_component_ref idref="oc-c8"/>
      </symbol>
      <symbol id="sm-173">
         <name>Lcd_Komut</name>
         <value>0xf61</value>
         <object_component_ref idref="oc-c8"/>
      </symbol>
      <symbol id="sm-174">
         <name>GPIOIntRegisterPin</name>
         <value>0x92d</value>
         <object_component_ref idref="oc-c8"/>
      </symbol>
      <symbol id="sm-175">
         <name>GPIOIntStatus</name>
         <value>0x8bf</value>
         <object_component_ref idref="oc-c8"/>
      </symbol>
      <symbol id="sm-176">
         <name>GPIOPinTypeDIVSCLK</name>
         <value>0xa47</value>
         <object_component_ref idref="oc-c8"/>
      </symbol>
      <symbol id="sm-177">
         <name>GPIOPinTypeGPIOOutput</name>
         <value>0xafb</value>
         <object_component_ref idref="oc-c8"/>
      </symbol>
      <symbol id="sm-178">
         <name>GPIOIntTypeGet</name>
         <value>0x417</value>
         <object_component_ref idref="oc-c8"/>
      </symbol>
      <symbol id="sm-179">
         <name>GPIOPinRead</name>
         <value>0x97f</value>
         <object_component_ref idref="oc-c8"/>
      </symbol>
      <symbol id="sm-17a">
         <name>GPIODirModeSet</name>
         <value>0x2cb</value>
         <object_component_ref idref="oc-c8"/>
      </symbol>
      <symbol id="sm-17b">
         <name>GPIOPinTypeQEI</name>
         <value>0xc21</value>
         <object_component_ref idref="oc-c8"/>
      </symbol>
      <symbol id="sm-17c">
         <name>GPIOPinTypeHibernateRTCCLK</name>
         <value>0xb49</value>
         <object_component_ref idref="oc-c8"/>
      </symbol>
      <symbol id="sm-17d">
         <name>GPIODMATriggerEnable</name>
         <value>0xdd7</value>
         <object_component_ref idref="oc-c8"/>
      </symbol>
      <symbol id="sm-17e">
         <name>GPIOPinTypeEthernetMII</name>
         <value>0xab3</value>
         <object_component_ref idref="oc-c8"/>
      </symbol>
      <symbol id="sm-17f">
         <name>GPIOPinWrite</name>
         <value>0x997</value>
         <object_component_ref idref="oc-c8"/>
      </symbol>
      <symbol id="sm-180">
         <name>Lcd_Koy</name>
         <value>0xf43</value>
         <object_component_ref idref="oc-c8"/>
      </symbol>
      <symbol id="sm-181">
         <name>GPIOPadConfigSet</name>
         <value>0x4a1</value>
         <object_component_ref idref="oc-c8"/>
      </symbol>
      <symbol id="sm-182">
         <name>GPIOPinTypeLCD</name>
         <value>0xbb5</value>
         <object_component_ref idref="oc-c8"/>
      </symbol>
      <symbol id="sm-183">
         <name>GPIOPinTypeSSI</name>
         <value>0xc45</value>
         <object_component_ref idref="oc-c8"/>
      </symbol>
      <symbol id="sm-184">
         <name>GPIOPinTypeTimer</name>
         <value>0xc69</value>
         <object_component_ref idref="oc-c8"/>
      </symbol>
      <symbol id="sm-185">
         <name>GPIOPinTypeCAN</name>
         <value>0x9db</value>
         <object_component_ref idref="oc-c8"/>
      </symbol>
      <symbol id="sm-186">
         <name>GPIOPinTypeEPI</name>
         <value>0xa6b</value>
         <object_component_ref idref="oc-c8"/>
      </symbol>
      <symbol id="sm-187">
         <name>GPIOPinTypeEthernetLED</name>
         <value>0xa8f</value>
         <object_component_ref idref="oc-c8"/>
      </symbol>
      <symbol id="sm-188">
         <name>GPIOUnlockPin</name>
         <value>0xe4f</value>
         <object_component_ref idref="oc-c8"/>
      </symbol>
      <symbol id="sm-189">
         <name>GPIOPinWakeStatus</name>
         <value>0xd69</value>
         <object_component_ref idref="oc-c8"/>
      </symbol>
      <symbol id="sm-1aa">
         <name>ResetISR</name>
         <value>0x4c13</value>
         <object_component_ref idref="oc-27"/>
      </symbol>
      <symbol id="sm-1ab">
         <name>g_pfnVectors</name>
         <value>0x0</value>
         <object_component_ref idref="oc-12"/>
      </symbol>
      <symbol id="sm-1da">
         <name>snprintf</name>
         <value>0x4765</value>
         <object_component_ref idref="oc-140"/>
      </symbol>
      <symbol id="sm-211">
         <name>sscanf</name>
         <value>0x4905</value>
         <object_component_ref idref="oc-12e"/>
      </symbol>
      <symbol id="sm-22c">
         <name>memcpy</name>
         <value>0x3fd7</value>
         <object_component_ref idref="oc-3b"/>
      </symbol>
      <symbol id="sm-22d">
         <name>__aeabi_memcpy</name>
         <value>0x3fd7</value>
         <object_component_ref idref="oc-3b"/>
      </symbol>
      <symbol id="sm-22e">
         <name>__aeabi_memcpy8</name>
         <value>0x3fd7</value>
         <object_component_ref idref="oc-3b"/>
      </symbol>
      <symbol id="sm-22f">
         <name>__aeabi_memcpy4</name>
         <value>0x3fd7</value>
         <object_component_ref idref="oc-3b"/>
      </symbol>
      <symbol id="sm-248">
         <name>__TI_zero_init_nomemset</name>
         <value>0x4a59</value>
         <object_component_ref idref="oc-47"/>
      </symbol>
      <symbol id="sm-25f">
         <name>__TI_decompress_none</name>
         <value>0x4bf9</value>
         <object_component_ref idref="oc-1b"/>
      </symbol>
      <symbol id="sm-282">
         <name>__TI_decompress_lzss</name>
         <value>0x44a5</value>
         <object_component_ref idref="oc-15"/>
      </symbol>
      <symbol id="sm-28d">
         <name>_ctypes_</name>
         <value>0x4c60</value>
         <object_component_ref idref="oc-2c5"/>
      </symbol>
      <symbol id="sm-2a0">
         <name>__stack</name>
         <value>0x20000270</value>
         <object_component_ref idref="oc-24"/>
      </symbol>
      <symbol id="sm-2a1">
         <name>_c_int00_noargs</name>
         <value>0x49a5</value>
         <object_component_ref idref="oc-59"/>
      </symbol>
      <symbol id="sm-406">
         <name>__TI_printfi</name>
         <value>0x1b25</value>
         <object_component_ref idref="oc-215"/>
      </symbol>
      <symbol id="sm-4bc">
         <name>__TI_scanfi</name>
         <value>0x1011</value>
         <object_component_ref idref="oc-1f4"/>
      </symbol>
      <symbol id="sm-4d3">
         <name>__aeabi_dsub</name>
         <value>0x3221</value>
         <object_component_ref idref="oc-376"/>
      </symbol>
      <symbol id="sm-4d4">
         <name>__aeabi_dadd</name>
         <value>0x322b</value>
         <object_component_ref idref="oc-376"/>
      </symbol>
      <symbol id="sm-4f6">
         <name>__aeabi_cdcmpeq</name>
         <value>0x4109</value>
         <object_component_ref idref="oc-2f4"/>
      </symbol>
      <symbol id="sm-4f7">
         <name>__aeabi_cdcmple</name>
         <value>0x4109</value>
         <object_component_ref idref="oc-2f4"/>
      </symbol>
      <symbol id="sm-4f8">
         <name>__aeabi_cdrcmple</name>
         <value>0x418f</value>
         <object_component_ref idref="oc-3a5"/>
      </symbol>
      <symbol id="sm-50c">
         <name>__aeabi_ddiv</name>
         <value>0x3671</value>
         <object_component_ref idref="oc-37b"/>
      </symbol>
      <symbol id="sm-517">
         <name>__aeabi_dmul</name>
         <value>0x3d35</value>
         <object_component_ref idref="oc-371"/>
      </symbol>
      <symbol id="sm-521">
         <name>__aeabi_d2iz</name>
         <value>0x47b1</value>
         <object_component_ref idref="oc-3aa"/>
      </symbol>
      <symbol id="sm-52d">
         <name>__aeabi_d2f</name>
         <value>0x42fd</value>
         <object_component_ref idref="oc-2b4"/>
      </symbol>
      <symbol id="sm-537">
         <name>__aeabi_i2d</name>
         <value>0x4a09</value>
         <object_component_ref idref="oc-3b5"/>
      </symbol>
      <symbol id="sm-546">
         <name>__aeabi_memset</name>
         <value>0x4217</value>
         <object_component_ref idref="oc-8f"/>
      </symbol>
      <symbol id="sm-547">
         <name>memset</name>
         <value>0x421d</value>
         <object_component_ref idref="oc-8f"/>
      </symbol>
      <symbol id="sm-548">
         <name>__aeabi_memset8</name>
         <value>0x4217</value>
         <object_component_ref idref="oc-8f"/>
      </symbol>
      <symbol id="sm-549">
         <name>__aeabi_memset4</name>
         <value>0x4217</value>
         <object_component_ref idref="oc-8f"/>
      </symbol>
      <symbol id="sm-54a">
         <name>__aeabi_memclr8</name>
         <value>0x4215</value>
         <object_component_ref idref="oc-8f"/>
      </symbol>
      <symbol id="sm-54b">
         <name>__aeabi_memclr4</name>
         <value>0x4215</value>
         <object_component_ref idref="oc-8f"/>
      </symbol>
      <symbol id="sm-54c">
         <name>__aeabi_memclr</name>
         <value>0x4215</value>
         <object_component_ref idref="oc-8f"/>
      </symbol>
      <symbol id="sm-559">
         <name>__aeabi_uldivmod</name>
         <value>0x4073</value>
         <object_component_ref idref="oc-368"/>
      </symbol>
      <symbol id="sm-581">
         <name>__TI_auto_init_nobinit_nopinit</name>
         <value>0x4841</value>
         <object_component_ref idref="oc-156"/>
      </symbol>
      <symbol id="sm-58b">
         <name>_system_pre_init</name>
         <value>0x4c57</value>
         <object_component_ref idref="oc-95"/>
      </symbol>
      <symbol id="sm-597">
         <name>C$$EXIT</name>
         <value>0x4c5b</value>
         <object_component_ref idref="oc-14a"/>
      </symbol>
      <symbol id="sm-598">
         <name>abort</name>
         <value>0x4c5b</value>
         <object_component_ref idref="oc-14a"/>
      </symbol>
      <symbol id="sm-5a8">
         <name>__TI_ltoa</name>
         <value>0x4627</value>
         <object_component_ref idref="oc-3af"/>
      </symbol>
      <symbol id="sm-5bf">
         <name>atoi</name>
         <value>0x4719</value>
         <object_component_ref idref="oc-2ce"/>
      </symbol>
      <symbol id="sm-5cf">
         <name>memccpy</name>
         <value>0x4a75</value>
         <object_component_ref idref="oc-311"/>
      </symbol>
      <symbol id="sm-5df">
         <name>strchr</name>
         <value>0x4b23</value>
         <object_component_ref idref="oc-2da"/>
      </symbol>
      <symbol id="sm-5ed">
         <name>strcpy</name>
         <value>0x4b61</value>
         <object_component_ref idref="oc-29c"/>
      </symbol>
      <symbol id="sm-5fb">
         <name>strlen</name>
         <value>0x4b75</value>
         <object_component_ref idref="oc-2c8"/>
      </symbol>
      <symbol id="sm-60a">
         <name>strrchr</name>
         <value>0x4b0b</value>
         <object_component_ref idref="oc-2d4"/>
      </symbol>
      <symbol id="sm-66a">
         <name>strtold</name>
         <value>0x2575</value>
         <object_component_ref idref="oc-2ae"/>
      </symbol>
      <symbol id="sm-66b">
         <name>strtod</name>
         <value>0x2575</value>
         <object_component_ref idref="oc-2ae"/>
      </symbol>
      <symbol id="sm-68f">
         <name>strtol</name>
         <value>0x37a9</value>
         <object_component_ref idref="oc-2b9"/>
      </symbol>
      <symbol id="sm-6b5">
         <name>strtoll</name>
         <value>0x2e75</value>
         <object_component_ref idref="oc-2bf"/>
      </symbol>
      <symbol id="sm-6d5">
         <name>strtoul</name>
         <value>0x3c25</value>
         <object_component_ref idref="oc-2a8"/>
      </symbol>
      <symbol id="sm-6f8">
         <name>strtoull</name>
         <value>0x33d9</value>
         <object_component_ref idref="oc-2a2"/>
      </symbol>
      <symbol id="sm-70e">
         <name>__aeabi_errno_addr</name>
         <value>0x4c39</value>
         <object_component_ref idref="oc-31d"/>
      </symbol>
      <symbol id="sm-70f">
         <name>errno</name>
         <value>0x20000480</value>
         <object_component_ref idref="oc-3e5"/>
      </symbol>
      <symbol id="sm-728">
         <name>wcslen</name>
         <value>0x4bad</value>
         <object_component_ref idref="oc-317"/>
      </symbol>
      <symbol id="sm-748">
         <name>frexpl</name>
         <value>0x450d</value>
         <object_component_ref idref="oc-3d5"/>
      </symbol>
      <symbol id="sm-749">
         <name>frexp</name>
         <value>0x450d</value>
         <object_component_ref idref="oc-3d5"/>
      </symbol>
      <symbol id="sm-766">
         <name>scalbn</name>
         <value>0x3b15</value>
         <object_component_ref idref="oc-380"/>
      </symbol>
      <symbol id="sm-767">
         <name>scalbnl</name>
         <value>0x3b15</value>
         <object_component_ref idref="oc-380"/>
      </symbol>
      <symbol id="sm-768">
         <name>ldexpl</name>
         <value>0x3b15</value>
         <object_component_ref idref="oc-380"/>
      </symbol>
      <symbol id="sm-769">
         <name>ldexp</name>
         <value>0x3b15</value>
         <object_component_ref idref="oc-380"/>
      </symbol>
      <symbol id="sm-773">
         <name>__aeabi_idiv0</name>
         <value>0x33d7</value>
         <object_component_ref idref="oc-403"/>
      </symbol>
      <symbol id="sm-774">
         <name>__aeabi_ldiv0</name>
         <value>0x33d7</value>
         <object_component_ref idref="oc-403"/>
      </symbol>
      <symbol id="sm-77d">
         <name>__aeabi_lmul</name>
         <value>0x4af3</value>
         <object_component_ref idref="oc-363"/>
      </symbol>
      <symbol id="sm-787">
         <name>copysign</name>
         <value>0x4a91</value>
         <object_component_ref idref="oc-410"/>
      </symbol>
      <symbol id="sm-788">
         <name>copysignl</name>
         <value>0x4a91</value>
         <object_component_ref idref="oc-410"/>
      </symbol>
      <symbol id="sm-805">
         <name>IntEnable</name>
         <value>0x43d5</value>
         <object_component_ref idref="oc-f8"/>
      </symbol>
      <symbol id="sm-806">
         <name>IntDisable</name>
         <value>0x436d</value>
         <object_component_ref idref="oc-1a0"/>
      </symbol>
      <symbol id="sm-807">
         <name>IntRegister</name>
         <value>0x493d</value>
         <object_component_ref idref="oc-19a"/>
      </symbol>
      <symbol id="sm-808">
         <name>IntUnregister</name>
         <value>0x4b39</value>
         <object_component_ref idref="oc-1a6"/>
      </symbol>
      <symbol id="sm-809">
         <name>g_pfnRAMVectors</name>
         <value>0x20000000</value>
         <object_component_ref idref="oc-259"/>
      </symbol>
      <symbol id="sm-80a">
         <name>IntMasterEnable</name>
         <value>0x4bbf</value>
         <object_component_ref idref="oc-fe"/>
      </symbol>
      <symbol id="sm-85d">
         <name>SysCtlClockSet</name>
         <value>0x3e31</value>
         <object_component_ref idref="oc-ce"/>
      </symbol>
      <symbol id="sm-85e">
         <name>SysCtlDelay</name>
         <value>0x4c49</value>
         <object_component_ref idref="oc-1ac"/>
      </symbol>
      <symbol id="sm-85f">
         <name>SysCtlPeripheralEnable</name>
         <value>0x4971</value>
         <object_component_ref idref="oc-d4"/>
      </symbol>
      <symbol id="sm-860">
         <name>SysCtlClockGet</name>
         <value>0x39fd</value>
         <object_component_ref idref="oc-e0"/>
      </symbol>
      <symbol id="sm-8bb">
         <name>TimerLoadSet</name>
         <value>0x4b89</value>
         <object_component_ref idref="oc-e6"/>
      </symbol>
      <symbol id="sm-8bc">
         <name>TimerIntRegister</name>
         <value>0x4aab</value>
         <object_component_ref idref="oc-ec"/>
      </symbol>
      <symbol id="sm-8bd">
         <name>TimerEnable</name>
         <value>0x4bcf</value>
         <object_component_ref idref="oc-104"/>
      </symbol>
      <symbol id="sm-8be">
         <name>TimerIntEnable</name>
         <value>0x4c29</value>
         <object_component_ref idref="oc-f2"/>
      </symbol>
      <symbol id="sm-8bf">
         <name>TimerConfigure</name>
         <value>0x4571</value>
         <object_component_ref idref="oc-da"/>
      </symbol>
      <symbol id="sm-8c0">
         <name>TimerIntClear</name>
         <value>0x4c4f</value>
         <object_component_ref idref="oc-13a"/>
      </symbol>
      <symbol id="sm-930">
         <name>UARTConfigSetExpClk</name>
         <value>0x47f9</value>
         <object_component_ref idref="oc-10a"/>
      </symbol>
      <symbol id="sm-931">
         <name>UARTDisable</name>
         <value>0x4a39</value>
         <object_component_ref idref="oc-1db"/>
      </symbol>
      <symbol id="sm-932">
         <name>UARTIntEnable</name>
         <value>0x4c31</value>
         <object_component_ref idref="oc-116"/>
      </symbol>
      <symbol id="sm-933">
         <name>UARTCharsAvail</name>
         <value>0x4beb</value>
         <object_component_ref idref="oc-134"/>
      </symbol>
      <symbol id="sm-934">
         <name>UARTCharGetNonBlocking</name>
         <value>0x4bdd</value>
         <object_component_ref idref="oc-128"/>
      </symbol>
      <symbol id="sm-935">
         <name>UARTEnable</name>
         <value>0x4b4d</value>
         <object_component_ref idref="oc-1e1"/>
      </symbol>
      <symbol id="sm-936">
         <name>UARTIntClear</name>
         <value>0x4c53</value>
         <object_component_ref idref="oc-122"/>
      </symbol>
      <symbol id="sm-937">
         <name>UARTIntStatus</name>
         <value>0x4c1f</value>
         <object_component_ref idref="oc-11c"/>
      </symbol>
      <symbol id="sm-938">
         <name>UARTIntRegister</name>
         <value>0x4ac3</value>
         <object_component_ref idref="oc-110"/>
      </symbol>
      <symbol id="sm-942">
         <name>CPUcpsie</name>
         <value>0x4c07</value>
         <object_component_ref idref="oc-1d3"/>
      </symbol>
      <symbol id="sm-943">
         <name>__TI_static_base__</name>
         <value>0x0</value>
      </symbol>
      <symbol id="sm-946">
         <name>__mpu_init</name>
         <value>0x0</value>
      </symbol>
      <symbol id="sm-947">
         <name>_system_post_cinit</name>
         <value>0x0</value>
      </symbol>
   </symbol_table>
   <title>Link successful</title>
</link_info>
