******************************************************************************
                  TI ARM Linker PC v20.2.7                     
******************************************************************************
>> Linked Mon Dec  2 12:43:10 2024

OUTPUT FILE NAME:   <saatliii.out>
ENTRY POINT SYMBOL: "_c_int00_noargs"  address: 000049a5


MEMORY CONFIGURATION

         name            origin    length      used     unused   attr    fill
----------------------  --------  ---------  --------  --------  ----  --------
  FLASH                 00000000   00040000  0000524a  0003adb6  R  X
  SRAM                  20000000   00008000  00000480  00007b80  RW X


SEGMENT ALLOCATION MAP

run origin  load origin   length   init length attrs members
----------  ----------- ---------- ----------- ----- -------
00000000    00000000    00005250   00005250    r-x
  00000000    00000000    0000026c   0000026c    r-- .intvecs
  0000026c    0000026c    000049f2   000049f2    r-x .text
  00004c60    00004c60    000005bc   000005bc    r-- .const
  00005220    00005220    00000030   00000030    r-- .cinit
20000000    20000000    00000484   00000000    rw-
  20000000    20000000    0000026c   00000000    rw- .vtable
  20000270    20000270    00000200   00000000    rw- .stack
  20000470    20000470    00000014   00000000    rw- .data


SECTION ALLOCATION MAP

 output                                  attributes/
section   page    origin      length       input sections
--------  ----  ----------  ----------   ----------------
.intvecs   0    00000000    0000026c     
                  00000000    0000026c     tm4c123gh6pm_startup_ccs.obj (.intvecs)

.text      0    0000026c    000049f2     
                  0000026c    00000da4     sourcc.obj (.text)
                  00001010    00000b14     rtsv7M4_T_le_v4SPD16_eabi.lib : _scanfi.c.obj (.text:__TI_scanfi)
                  00001b24    00000a4e                                   : _printfi.c.obj (.text:__TI_printfi)
                  00002572    00000002     driverlib.lib : interrupt.obj (.text:_IntDefaultHandler)
                  00002574    00000460     rtsv7M4_T_le_v4SPD16_eabi.lib : strtod.c.obj (.text:strtod)
                  000029d4    00000270                                   : _printfi.c.obj (.text:_pconv_a)
                  00002c44    00000230     main.obj (.text)
                  00002e74    000001dc     rtsv7M4_T_le_v4SPD16_eabi.lib : strtoll.c.obj (.text:strtoll)
                  00003050    000001d0                                   : _printfi.c.obj (.text:_pconv_g)
                  00003220    000001b6                                   : fd_add_t2.asm.obj (.text)
                  000033d6    00000002                                   : div0.asm.obj (.text)
                  000033d8    0000015c                                   : strtoull.c.obj (.text:strtoull)
                  00003534    0000013c                                   : _printfi.c.obj (.text:_pconv_e)
                  00003670    00000136                                   : fd_div_t2.asm.obj (.text)
                  000037a6    00000002     --HOLE-- [fill = 0]
                  000037a8    00000130                                   : strtol.c.obj (.text:strtol)
                  000038d8    00000124                                   : _printfi.c.obj (.text:fcvt)
                  000039fc    00000118     driverlib.lib : sysctl.obj (.text:SysCtlClockGet)
                  00003b14    00000110     rtsv7M4_T_le_v4SPD16_eabi.lib : s_scalbn.c.obj (.text:scalbn)
                  00003c24    00000110                                   : strtoul.c.obj (.text:strtoul)
                  00003d34    000000fc                                   : fd_mul_t2.asm.obj (.text)
                  00003e30    000000f4     driverlib.lib : sysctl.obj (.text:SysCtlClockSet)
                  00003f24    000000b1     rtsv7M4_T_le_v4SPD16_eabi.lib : _printfi.c.obj (.text:_ltostr)
                  00003fd5    00000001     --HOLE-- [fill = 0]
                  00003fd6    0000009c                                   : memcpy_t2.asm.obj (.text)
                  00004072    00000096                                   : ull_div_t2.asm.obj (.text)
                  00004108    00000086                                   : fd_cmp_t2.asm.obj (.text:__aeabi_cdcmple)
                  0000418e    00000086                                   : fd_cmp_t2.asm.obj (.text:__aeabi_cdrcmple)
                  00004214    0000007a                                   : memset_t2.asm.obj (.text)
                  0000428e    0000006e                                   : _printfi.c.obj (.text:_mcpy)
                  000042fc    0000006e                                   : fd_tos_t2.asm.obj (.text)
                  0000436a    00000002     --HOLE-- [fill = 0]
                  0000436c    00000068     driverlib.lib : interrupt.obj (.text:IntDisable)
                  000043d4    00000068                   : interrupt.obj (.text:IntEnable)
                  0000443c    00000068     rtsv7M4_T_le_v4SPD16_eabi.lib : sscanf.c.obj (.text:_chkmbc)
                  000044a4    00000068                                   : copy_decompress_lzss.c.obj (.text:decompress:lzss:__TI_decompress_lzss)
                  0000450c    00000064                                   : s_frexp.c.obj (.text:frexp)
                  00004570    00000060     driverlib.lib : timer.obj (.text:TimerConfigure)
                  000045d0    00000056     rtsv7M4_T_le_v4SPD16_eabi.lib : _printfi.c.obj (.text:_pconv_f)
                  00004626    00000054                                   : _ltoa.c.obj (.text:__TI_ltoa)
                  0000467a    00000052                                   : _printfi.c.obj (.text:_ecpy)
                  000046cc    0000004c     driverlib.lib : timer.obj (.text:_TimerIntNumberGet)
                  00004718    0000004c     rtsv7M4_T_le_v4SPD16_eabi.lib : atoi.c.obj (.text:atoi)
                  00004764    0000004c                                   : snprintf.c.obj (.text:snprintf)
                  000047b0    00000048                                   : fd_toi_t2.asm.obj (.text)
                  000047f8    00000046     driverlib.lib : uart.obj (.text:UARTConfigSetExpClk)
                  0000483e    00000002     --HOLE-- [fill = 0]
                  00004840    00000044     rtsv7M4_T_le_v4SPD16_eabi.lib : autoinit.c.obj (.text:__TI_auto_init_nobinit_nopinit:__TI_auto_init_nobinit_nopinit)
                  00004884    00000040     driverlib.lib : uart.obj (.text:_UARTIntNumberGet)
                  000048c4    0000003e     rtsv7M4_T_le_v4SPD16_eabi.lib : _printfi.c.obj (.text:_fcpy)
                  00004902    00000002     --HOLE-- [fill = 0]
                  00004904    00000038                                   : sscanf.c.obj (.text:sscanf)
                  0000493c    00000034     driverlib.lib : interrupt.obj (.text:IntRegister)
                  00004970    00000034                   : sysctl.obj (.text:SysCtlPeripheralEnable)
                  000049a4    00000034     rtsv7M4_T_le_v4SPD16_eabi.lib : boot_cortex_m.c.obj (.text:_c_int00_noargs:_c_int00_noargs)
                  000049d8    00000030                                   : snprintf.c.obj (.text:_outs)
                  00004a08    0000002e                                   : i_tofd_t2.asm.obj (.text)
                  00004a36    00000002     --HOLE-- [fill = 0]
                  00004a38    00000020     driverlib.lib : uart.obj (.text:UARTDisable)
                  00004a58    0000001c     rtsv7M4_T_le_v4SPD16_eabi.lib : copy_zero_init.c.obj (.text:decompress:ZI:__TI_zero_init_nomemset:__TI_zero_init_nomemset)
                  00004a74    0000001c                                   : memccpy.c.obj (.text:memccpy)
                  00004a90    0000001a                                   : s_copysign.c.obj (.text:copysign)
                  00004aaa    00000018     driverlib.lib : timer.obj (.text:TimerIntRegister)
                  00004ac2    00000018                   : uart.obj (.text:UARTIntRegister)
                  00004ada    00000018     rtsv7M4_T_le_v4SPD16_eabi.lib : snprintf.c.obj (.text:_outc)
                  00004af2    00000018                                   : ll_mul_t2.asm.obj (.text)
                  00004b0a    00000018                                   : strrchr.c.obj (.text:strrchr)
                  00004b22    00000016                                   : strchr.c.obj (.text:strchr)
                  00004b38    00000014     driverlib.lib : interrupt.obj (.text:IntUnregister)
                  00004b4c    00000014                   : uart.obj (.text:UARTEnable)
                  00004b60    00000014     rtsv7M4_T_le_v4SPD16_eabi.lib : strcpy.c.obj (.text:strcpy)
                  00004b74    00000014                                   : strlen.c.obj (.text:strlen)
                  00004b88    00000012     driverlib.lib : timer.obj (.text:TimerLoadSet)
                  00004b9a    00000012     rtsv7M4_T_le_v4SPD16_eabi.lib : sscanf.c.obj (.text:_inpchar)
                  00004bac    00000012                                   : wcslen.c.obj (.text:wcslen)
                  00004bbe    00000010     driverlib.lib : interrupt.obj (.text:IntMasterEnable)
                  00004bce    0000000e                   : timer.obj (.text:TimerEnable)
                  00004bdc    0000000e                   : uart.obj (.text:UARTCharGetNonBlocking)
                  00004bea    0000000e                   : uart.obj (.text:UARTCharsAvail)
                  00004bf8    0000000e     rtsv7M4_T_le_v4SPD16_eabi.lib : copy_decompress_none.c.obj (.text:decompress:none:__TI_decompress_none)
                  00004c06    0000000c     driverlib.lib : cpu.obj (.text:CPUcpsie)
                  00004c12    0000000c     tm4c123gh6pm_startup_ccs.obj (.text)
                  00004c1e    0000000a     driverlib.lib : uart.obj (.text:UARTIntStatus)
                  00004c28    00000008                   : timer.obj (.text:TimerIntEnable)
                  00004c30    00000008                   : uart.obj (.text:UARTIntEnable)
                  00004c38    00000008     rtsv7M4_T_le_v4SPD16_eabi.lib : errno.c.obj (.text:__aeabi_errno_addr)
                  00004c40    00000008                                   : sscanf.c.obj (.text:_uninpchar)
                  00004c48    00000006     driverlib.lib : sysctl.obj (.text:SysCtlDelay)
                  00004c4e    00000004                   : timer.obj (.text:TimerIntClear)
                  00004c52    00000004                   : uart.obj (.text:UARTIntClear)
                  00004c56    00000004     rtsv7M4_T_le_v4SPD16_eabi.lib : pre_init.c.obj (.text:_system_pre_init)
                  00004c5a    00000004                                   : exit.c.obj (.text:abort:abort)

.const     0    00004c60    000005bc     
                  00004c60    00000101     rtsv7M4_T_le_v4SPD16_eabi.lib : ctype.c.obj (.const:.string:_ctypes_)
                  00004d61    00000003     --HOLE-- [fill = 0]
                  00004d64    000000d8     sourcc.obj (.const:g_ppui32GPIOIntMapSnowflake)
                  00004e3c    00000004     --HOLE-- [fill = 0]
                  00004e40    000000c8     rtsv7M4_T_le_v4SPD16_eabi.lib : strtod.c.obj (.const:$O1$$)
                  00004f08    000000c0     sourcc.obj (.const:g_ppui32GPIOIntMapBlizzard)
                  00004fc8    00000090     sourcc.obj (.const:g_pui32GPIOBaseAddrs)
                  00005058    0000006c     driverlib.lib : sysctl.obj (.const:g_pui32Xtals)
                  000050c4    00000060                   : timer.obj (.const:g_ppui32TimerIntMap)
                  00005124    00000040                   : timer.obj (.const:g_ppui32TimerIntMapSnowflake)
                  00005164    00000040                   : uart.obj (.const:g_ppui32UARTIntMap)
                  000051a4    00000040                   : uart.obj (.const:g_ppui32UARTIntMapSnowflake)
                  000051e4    00000014                   : interrupt.obj (.const:g_pui32Dii16Regs)
                  000051f8    00000014                   : interrupt.obj (.const:g_pui32EnRegs)
                  0000520c    00000010     rtsv7M4_T_le_v4SPD16_eabi.lib : _scanfi.c.obj (.const:$O1$$)

.cinit     0    00005220    00000030     
                  00005220    0000000c     (__TI_handler_table)
                  0000522c    00000008     (.cinit..data.load) [load image, compression = lzss]
                  00005234    00000004     --HOLE-- [fill = 0]
                  00005238    00000008     (.cinit..vtable.load) [load image, compression = zero_init]
                  00005240    00000010     (__TI_cinit_table)

.init_array 
*          0    00000000    00000000     UNINITIALIZED

.vtable    0    20000000    0000026c     UNINITIALIZED
                  20000000    0000026c     driverlib.lib : interrupt.obj (.vtable)

.data      0    20000470    00000014     UNINITIALIZED
                  20000470    00000010     main.obj (.data)
                  20000480    00000004     rtsv7M4_T_le_v4SPD16_eabi.lib : errno.c.obj (.data)

.stack     0    20000270    00000200     UNINITIALIZED
                  20000270    00000004     rtsv7M4_T_le_v4SPD16_eabi.lib : boot_cortex_m.c.obj (.stack)
                  20000274    000001fc     --HOLE--

__llvm_prf_cnts 
*          0    20000000    00000000     UNINITIALIZED

MODULE SUMMARY

       Module                         code    ro data   rw data
       ------                         ----    -------   -------
    .\
       sourcc.obj                     3492    552       0      
       tm4c123gh6pm_startup_ccs.obj   12      620       0      
       main.obj                       560     0         16     
    +--+------------------------------+-------+---------+---------+
       Total:                         4064    1172      16     
                                                               
    C:/ti/TivaWare_C_Series-2.2.0.295/driverlib/ccs/Debug/driverlib.lib
       interrupt.obj                  298     40        620    
       sysctl.obj                     582     108       0      
       timer.obj                      240     160       0      
       uart.obj                       260     128       0      
       cpu.obj                        12      0         0      
    +--+------------------------------+-------+---------+---------+
       Total:                         1392    436       620    
                                                               
    C:\ti\ccs1281\ccs\tools\compiler\ti-cgt-arm_20.2.7.LTS\lib\rtsv7M4_T_le_v4SPD16_eabi.lib
       _printfi.c.obj                 4851    0         0      
       _scanfi.c.obj                  2836    16        0      
       strtod.c.obj                   1120    200       0      
       strtoll.c.obj                  476     0         0      
       fd_add_t2.asm.obj              438     0         0      
       strtoull.c.obj                 348     0         0      
       fd_div_t2.asm.obj              310     0         0      
       strtol.c.obj                   304     0         0      
       s_scalbn.c.obj                 272     0         0      
       strtoul.c.obj                  272     0         0      
       fd_cmp_t2.asm.obj              268     0         0      
       ctype.c.obj                    0       257       0      
       fd_mul_t2.asm.obj              252     0         0      
       sscanf.c.obj                   186     0         0      
       memcpy_t2.asm.obj              156     0         0      
       ull_div_t2.asm.obj             150     0         0      
       snprintf.c.obj                 148     0         0      
       memset_t2.asm.obj              122     0         0      
       fd_tos_t2.asm.obj              110     0         0      
       copy_decompress_lzss.c.obj     104     0         0      
       s_frexp.c.obj                  100     0         0      
       _ltoa.c.obj                    84      0         0      
       atoi.c.obj                     76      0         0      
       fd_toi_t2.asm.obj              72      0         0      
       autoinit.c.obj                 68      0         0      
       boot_cortex_m.c.obj            52      0         0      
       i_tofd_t2.asm.obj              46      0         0      
       copy_zero_init.c.obj           28      0         0      
       memccpy.c.obj                  28      0         0      
       s_copysign.c.obj               26      0         0      
       ll_mul_t2.asm.obj              24      0         0      
       strrchr.c.obj                  24      0         0      
       strchr.c.obj                   22      0         0      
       strcpy.c.obj                   20      0         0      
       strlen.c.obj                   20      0         0      
       wcslen.c.obj                   18      0         0      
       copy_decompress_none.c.obj     14      0         0      
       errno.c.obj                    8       0         4      
       exit.c.obj                     4       0         0      
       pre_init.c.obj                 4       0         0      
       div0.asm.obj                   2       0         0      
    +--+------------------------------+-------+---------+---------+
       Total:                         13463   473       4      
                                                               
       Stack:                         0       0         512    
       Linker Generated:              0       44        0      
    +--+------------------------------+-------+---------+---------+
       Grand Total:                   18919   2125      1152   


LINKER GENERATED COPY TABLES

__TI_cinit_table @ 00005240 records: 2, size/record: 8, table size: 16
	.data: load addr=0000522c, load size=00000008 bytes, run addr=20000470, run size=00000014 bytes, compression=lzss
	.vtable: load addr=00005238, load size=00000008 bytes, run addr=20000000, run size=0000026c bytes, compression=zero_init


LINKER GENERATED HANDLER TABLE

__TI_handler_table @ 00005220 records: 3, size/record: 4, table size: 12
	index: 0, handler: __TI_zero_init
	index: 1, handler: __TI_decompress_lzss
	index: 2, handler: __TI_decompress_none


GLOBAL SYMBOLS: SORTED ALPHABETICALLY BY Name 

address   name                          
-------   ----                          
00004c5b  C$$EXIT                       
00004c07  CPUcpsie                      
00000e31  GPIOADCTriggerDisable         
00000e13  GPIOADCTriggerEnable          
00000df5  GPIODMATriggerDisable         
00000dd7  GPIODMATriggerEnable          
00000327  GPIODirModeGet                
000002cb  GPIODirModeSet                
000008e1  GPIOIntClear                  
000008a5  GPIOIntDisable                
00000881  GPIOIntEnable                 
000008f5  GPIOIntRegister               
0000092d  GPIOIntRegisterPin            
000008bf  GPIOIntStatus                 
00000417  GPIOIntTypeGet                
00000373  GPIOIntTypeSet                
00000913  GPIOIntUnregister             
0000095b  GPIOIntUnregisterPin          
0000070f  GPIOPadConfigGet              
000004a1  GPIOPadConfigSet              
00000d79  GPIOPinConfigure              
0000097f  GPIOPinRead                   
000009b7  GPIOPinTypeADC                
000009db  GPIOPinTypeCAN                
000009ff  GPIOPinTypeComparator         
00000a23  GPIOPinTypeComparatorOutput   
00000a47  GPIOPinTypeDIVSCLK            
00000a6b  GPIOPinTypeEPI                
00000a8f  GPIOPinTypeEthernetLED        
00000ab3  GPIOPinTypeEthernetMII        
00000ad7  GPIOPinTypeGPIOInput          
00000afb  GPIOPinTypeGPIOOutput         
00000b25  GPIOPinTypeGPIOOutputOD       
00000b49  GPIOPinTypeHibernateRTCCLK    
00000b6d  GPIOPinTypeI2C                
00000b91  GPIOPinTypeI2CSCL             
00000bb5  GPIOPinTypeLCD                
00000bd9  GPIOPinTypeOneWire            
00000bfd  GPIOPinTypePWM                
00000c21  GPIOPinTypeQEI                
00000c45  GPIOPinTypeSSI                
00000c69  GPIOPinTypeTimer              
00000c8d  GPIOPinTypeTrace              
00000cb1  GPIOPinTypeUART               
00000cd5  GPIOPinTypeUSBAnalog          
00000cf9  GPIOPinTypeUSBDigital         
00000d1d  GPIOPinTypeWakeHigh           
00000d43  GPIOPinTypeWakeLow            
00000d69  GPIOPinWakeStatus             
00000997  GPIOPinWrite                  
00000e4f  GPIOUnlockPin                 
0000436d  IntDisable                    
000043d5  IntEnable                     
00004bbf  IntMasterEnable               
0000493d  IntRegister                   
00004b39  IntUnregister                 
00000f61  Lcd_Komut                     
00000f43  Lcd_Koy                       
00000f2f  Lcd_Temizle                   
00000e75  Lcd_init                      
00004c13  ResetISR                      
00002c55  SetInitSettings               
000039fd  SysCtlClockGet                
00003e31  SysCtlClockSet                
00004c49  SysCtlDelay                   
00004971  SysCtlPeripheralEnable        
00004571  TimerConfigure                
00004bcf  TimerEnable                   
00004c4f  TimerIntClear                 
00004c29  TimerIntEnable                
00004aab  TimerIntRegister              
00004b89  TimerLoadSet                  
00002cfd  UART0_Handler                 
00002cad  UART0_Init                    
00004bdd  UARTCharGetNonBlocking        
00004beb  UARTCharsAvail                
000047f9  UARTConfigSetExpClk           
00004a39  UARTDisable                   
00004b4d  UARTEnable                    
00004c53  UARTIntClear                  
00004c31  UARTIntEnable                 
00004ac3  UARTIntRegister               
00004c1f  UARTIntStatus                 
20000470  __STACK_END                   
00000200  __STACK_SIZE                  
20000470  __STACK_TOP                   
00005240  __TI_CINIT_Base               
00005250  __TI_CINIT_Limit              
00005220  __TI_Handler_Table_Base       
0000522c  __TI_Handler_Table_Limit      
00004841  __TI_auto_init_nobinit_nopinit
000044a5  __TI_decompress_lzss          
00004bf9  __TI_decompress_none          
00004627  __TI_ltoa                     
ffffffff  __TI_pprof_out_hndl           
00001b25  __TI_printfi                  
ffffffff  __TI_prof_data_size           
ffffffff  __TI_prof_data_start          
00001011  __TI_scanfi                   
00000000  __TI_static_base__            
00004a59  __TI_zero_init_nomemset       
00004109  __aeabi_cdcmpeq               
00004109  __aeabi_cdcmple               
0000418f  __aeabi_cdrcmple              
000042fd  __aeabi_d2f                   
000047b1  __aeabi_d2iz                  
0000322b  __aeabi_dadd                  
00003671  __aeabi_ddiv                  
00003d35  __aeabi_dmul                  
00003221  __aeabi_dsub                  
00004c39  __aeabi_errno_addr            
00004a09  __aeabi_i2d                   
000033d7  __aeabi_idiv0                 
000033d7  __aeabi_ldiv0                 
00004af3  __aeabi_lmul                  
00004215  __aeabi_memclr                
00004215  __aeabi_memclr4               
00004215  __aeabi_memclr8               
00003fd7  __aeabi_memcpy                
00003fd7  __aeabi_memcpy4               
00003fd7  __aeabi_memcpy8               
00004217  __aeabi_memset                
00004217  __aeabi_memset4               
00004217  __aeabi_memset8               
00004073  __aeabi_uldivmod              
ffffffff  __binit__                     
ffffffff  __c_args__                    
UNDEFED   __mpu_init                    
20000270  __stack                       
20000000  __start___llvm_prf_cnts       
20000000  __stop___llvm_prf_cnts        
000049a5  _c_int00_noargs               
00004c60  _ctypes_                      
UNDEFED   _system_post_cinit            
00004c57  _system_pre_init              
00004c5b  abort                         
00004719  atoi                          
ffffffff  binit                         
00004a91  copysign                      
00004a91  copysignl                     
20000474  dk                            
20000480  errno                         
0000450d  frexp                         
0000450d  frexpl                        
20000000  g_pfnRAMVectors               
00000000  g_pfnVectors                  
00002d73  lcd_git                       
00003b15  ldexp                         
00003b15  ldexpl                        
00002c45  main                          
00004a75  memccpy                       
00003fd7  memcpy                        
0000421d  memset                        
20000478  saat                          
00003b15  scalbn                        
00003b15  scalbnl                       
20000470  sn                            
00004765  snprintf                      
00004905  sscanf                        
00004b23  strchr                        
00004b61  strcpy                        
00004b75  strlen                        
00004b0b  strrchr                       
00002575  strtod                        
000037a9  strtol                        
00002575  strtold                       
00002e75  strtoll                       
00003c25  strtoul                       
000033d9  strtoull                      
00002dab  timerkesme                    
00004bad  wcslen                        


GLOBAL SYMBOLS: SORTED BY Symbol Address 

address   name                          
-------   ----                          
00000000  __TI_static_base__            
00000000  g_pfnVectors                  
00000200  __STACK_SIZE                  
000002cb  GPIODirModeSet                
00000327  GPIODirModeGet                
00000373  GPIOIntTypeSet                
00000417  GPIOIntTypeGet                
000004a1  GPIOPadConfigSet              
0000070f  GPIOPadConfigGet              
00000881  GPIOIntEnable                 
000008a5  GPIOIntDisable                
000008bf  GPIOIntStatus                 
000008e1  GPIOIntClear                  
000008f5  GPIOIntRegister               
00000913  GPIOIntUnregister             
0000092d  GPIOIntRegisterPin            
0000095b  GPIOIntUnregisterPin          
0000097f  GPIOPinRead                   
00000997  GPIOPinWrite                  
000009b7  GPIOPinTypeADC                
000009db  GPIOPinTypeCAN                
000009ff  GPIOPinTypeComparator         
00000a23  GPIOPinTypeComparatorOutput   
00000a47  GPIOPinTypeDIVSCLK            
00000a6b  GPIOPinTypeEPI                
00000a8f  GPIOPinTypeEthernetLED        
00000ab3  GPIOPinTypeEthernetMII        
00000ad7  GPIOPinTypeGPIOInput          
00000afb  GPIOPinTypeGPIOOutput         
00000b25  GPIOPinTypeGPIOOutputOD       
00000b49  GPIOPinTypeHibernateRTCCLK    
00000b6d  GPIOPinTypeI2C                
00000b91  GPIOPinTypeI2CSCL             
00000bb5  GPIOPinTypeLCD                
00000bd9  GPIOPinTypeOneWire            
00000bfd  GPIOPinTypePWM                
00000c21  GPIOPinTypeQEI                
00000c45  GPIOPinTypeSSI                
00000c69  GPIOPinTypeTimer              
00000c8d  GPIOPinTypeTrace              
00000cb1  GPIOPinTypeUART               
00000cd5  GPIOPinTypeUSBAnalog          
00000cf9  GPIOPinTypeUSBDigital         
00000d1d  GPIOPinTypeWakeHigh           
00000d43  GPIOPinTypeWakeLow            
00000d69  GPIOPinWakeStatus             
00000d79  GPIOPinConfigure              
00000dd7  GPIODMATriggerEnable          
00000df5  GPIODMATriggerDisable         
00000e13  GPIOADCTriggerEnable          
00000e31  GPIOADCTriggerDisable         
00000e4f  GPIOUnlockPin                 
00000e75  Lcd_init                      
00000f2f  Lcd_Temizle                   
00000f43  Lcd_Koy                       
00000f61  Lcd_Komut                     
00001011  __TI_scanfi                   
00001b25  __TI_printfi                  
00002575  strtod                        
00002575  strtold                       
00002c45  main                          
00002c55  SetInitSettings               
00002cad  UART0_Init                    
00002cfd  UART0_Handler                 
00002d73  lcd_git                       
00002dab  timerkesme                    
00002e75  strtoll                       
00003221  __aeabi_dsub                  
0000322b  __aeabi_dadd                  
000033d7  __aeabi_idiv0                 
000033d7  __aeabi_ldiv0                 
000033d9  strtoull                      
00003671  __aeabi_ddiv                  
000037a9  strtol                        
000039fd  SysCtlClockGet                
00003b15  ldexp                         
00003b15  ldexpl                        
00003b15  scalbn                        
00003b15  scalbnl                       
00003c25  strtoul                       
00003d35  __aeabi_dmul                  
00003e31  SysCtlClockSet                
00003fd7  __aeabi_memcpy                
00003fd7  __aeabi_memcpy4               
00003fd7  __aeabi_memcpy8               
00003fd7  memcpy                        
00004073  __aeabi_uldivmod              
00004109  __aeabi_cdcmpeq               
00004109  __aeabi_cdcmple               
0000418f  __aeabi_cdrcmple              
00004215  __aeabi_memclr                
00004215  __aeabi_memclr4               
00004215  __aeabi_memclr8               
00004217  __aeabi_memset                
00004217  __aeabi_memset4               
00004217  __aeabi_memset8               
0000421d  memset                        
000042fd  __aeabi_d2f                   
0000436d  IntDisable                    
000043d5  IntEnable                     
000044a5  __TI_decompress_lzss          
0000450d  frexp                         
0000450d  frexpl                        
00004571  TimerConfigure                
00004627  __TI_ltoa                     
00004719  atoi                          
00004765  snprintf                      
000047b1  __aeabi_d2iz                  
000047f9  UARTConfigSetExpClk           
00004841  __TI_auto_init_nobinit_nopinit
00004905  sscanf                        
0000493d  IntRegister                   
00004971  SysCtlPeripheralEnable        
000049a5  _c_int00_noargs               
00004a09  __aeabi_i2d                   
00004a39  UARTDisable                   
00004a59  __TI_zero_init_nomemset       
00004a75  memccpy                       
00004a91  copysign                      
00004a91  copysignl                     
00004aab  TimerIntRegister              
00004ac3  UARTIntRegister               
00004af3  __aeabi_lmul                  
00004b0b  strrchr                       
00004b23  strchr                        
00004b39  IntUnregister                 
00004b4d  UARTEnable                    
00004b61  strcpy                        
00004b75  strlen                        
00004b89  TimerLoadSet                  
00004bad  wcslen                        
00004bbf  IntMasterEnable               
00004bcf  TimerEnable                   
00004bdd  UARTCharGetNonBlocking        
00004beb  UARTCharsAvail                
00004bf9  __TI_decompress_none          
00004c07  CPUcpsie                      
00004c13  ResetISR                      
00004c1f  UARTIntStatus                 
00004c29  TimerIntEnable                
00004c31  UARTIntEnable                 
00004c39  __aeabi_errno_addr            
00004c49  SysCtlDelay                   
00004c4f  TimerIntClear                 
00004c53  UARTIntClear                  
00004c57  _system_pre_init              
00004c5b  C$$EXIT                       
00004c5b  abort                         
00004c60  _ctypes_                      
00005220  __TI_Handler_Table_Base       
0000522c  __TI_Handler_Table_Limit      
00005240  __TI_CINIT_Base               
00005250  __TI_CINIT_Limit              
20000000  __start___llvm_prf_cnts       
20000000  __stop___llvm_prf_cnts        
20000000  g_pfnRAMVectors               
20000270  __stack                       
20000470  __STACK_END                   
20000470  __STACK_TOP                   
20000470  sn                            
20000474  dk                            
20000478  saat                          
20000480  errno                         
ffffffff  __TI_pprof_out_hndl           
ffffffff  __TI_prof_data_size           
ffffffff  __TI_prof_data_start          
ffffffff  __binit__                     
ffffffff  __c_args__                    
ffffffff  binit                         
UNDEFED   __mpu_init                    
UNDEFED   _system_post_cinit            

[171 symbols]
