******************************************************************************
                  TI ARM Linker PC v20.2.7                     
******************************************************************************
>> Linked Thu Jan 16 13:43:42 2025

OUTPUT FILE NAME:   <Hibernation.out>
ENTRY POINT SYMBOL: "_c_int00_noinit_noargs"  address: 00000771


MEMORY CONFIGURATION

         name            origin    length      used     unused   attr    fill
----------------------  --------  ---------  --------  --------  ----  --------
  FLASH                 00000000   00040000  000008ac  0003f754  R  X
  SRAM                  20000000   00008000  00000200  00007e00  RW X


SEGMENT ALLOCATION MAP

run origin  load origin   length   init length attrs members
----------  ----------- ---------- ----------- ----- -------
00000000    00000000    000008ac   000008ac    r-x
  00000000    00000000    0000026c   0000026c    r-- .intvecs
  0000026c    0000026c    000005d4   000005d4    r-x .text
  00000840    00000840    0000006c   0000006c    r-- .const
20000000    20000000    00000200   00000000    rw-
  20000000    20000000    00000200   00000000    rw- .stack


SECTION ALLOCATION MAP

 output                                  attributes/
section   page    origin      length       input sections
--------  ----  ----------  ----------   ----------------
.intvecs   0    00000000    0000026c     
                  00000000    0000026c     tm4c123gh6pm_startup_ccs.obj (.intvecs)

.text      0    0000026c    000005d4     
                  0000026c    0000016c     driverlib.lib : gpio.obj (.text:GPIOPadConfigSet)
                  000003d8    00000118                   : sysctl.obj (.text:SysCtlClockGet)
                  000004f0    000000f4                   : sysctl.obj (.text:SysCtlClockSet)
                  000005e4    00000090     main.obj (.text)
                  00000674    00000064     driverlib.lib : hibernate.obj (.text:HibernateWakeSet)
                  000006d8    00000038                   : sysctl.obj (.text:SysCtlPeripheralReady)
                  00000710    00000034                   : sysctl.obj (.text:SysCtlPeripheralEnable)
                  00000744    0000002c                   : gpio.obj (.text:GPIODirModeSet)
                  00000770    0000002c     rtsv7M4_T_le_v4SPD16_eabi.lib : boot_cortex_m.c.obj (.text:_c_int00_noinit_noargs:_c_int00_noinit_noargs)
                  0000079c    0000001a     driverlib.lib : gpio.obj (.text:GPIOPinTypeGPIOOutput)
                  000007b6    00000002     --HOLE-- [fill = 0]
                  000007b8    00000018                   : hibernate.obj (.text:HibernateGPIORetentionEnable)
                  000007d0    00000016                   : gpio.obj (.text:GPIOPinTypeGPIOInput)
                  000007e6    00000002     --HOLE-- [fill = 0]
                  000007e8    00000014                   : hibernate.obj (.text:HibernateEnableExpClk)
                  000007fc    00000014                   : hibernate.obj (.text:HibernateRequest)
                  00000810    00000010                   : hibernate.obj (.text:_HibernateWriteComplete)
                  00000820    0000000c     tm4c123gh6pm_startup_ccs.obj (.text)
                  0000082c    00000006     driverlib.lib : gpio.obj (.text:GPIOPinWrite)
                  00000832    00000006                   : sysctl.obj (.text:SysCtlDelay)
                  00000838    00000004     rtsv7M4_T_le_v4SPD16_eabi.lib : pre_init.c.obj (.text:_system_pre_init)
                  0000083c    00000004                                   : exit.c.obj (.text:abort:abort)

.const     0    00000840    0000006c     
                  00000840    0000006c     driverlib.lib : sysctl.obj (.const:g_pui32Xtals)

.cinit     0    00000000    00000000     UNINITIALIZED

.init_array 
*          0    00000000    00000000     UNINITIALIZED

.stack     0    20000000    00000200     UNINITIALIZED
                  20000000    00000004     rtsv7M4_T_le_v4SPD16_eabi.lib : boot_cortex_m.c.obj (.stack)
                  20000004    000001fc     --HOLE--

__llvm_prf_cnts 
*          0    20000000    00000000     UNINITIALIZED

MODULE SUMMARY

       Module                         code   ro data   rw data
       ------                         ----   -------   -------
    .\
       tm4c123gh6pm_startup_ccs.obj   12     620       0      
       main.obj                       144    0         0      
    +--+------------------------------+------+---------+---------+
       Total:                         156    620       0      
                                                              
    C:/ti/TivaWare_C_Series-2.2.0.295/driverlib/ccs/Debug/driverlib.lib
       sysctl.obj                     638    108       0      
       gpio.obj                       462    0         0      
       hibernate.obj                  180    0         0      
    +--+------------------------------+------+---------+---------+
       Total:                         1280   108       0      
                                                              
    C:\ti\ccs1281\ccs\tools\compiler\ti-cgt-arm_20.2.7.LTS\lib\rtsv7M4_T_le_v4SPD16_eabi.lib
       boot_cortex_m.c.obj            44     0         0      
       exit.c.obj                     4      0         0      
       pre_init.c.obj                 4      0         0      
    +--+------------------------------+------+---------+---------+
       Total:                         52     0         0      
                                                              
       Stack:                         0      0         512    
    +--+------------------------------+------+---------+---------+
       Grand Total:                   1488   728       512    


GLOBAL SYMBOLS: SORTED ALPHABETICALLY BY Name 

address   name                        
-------   ----                        
0000083d  C$$EXIT                     
00000745  GPIODirModeSet              
0000026d  GPIOPadConfigSet            
000007d1  GPIOPinTypeGPIOInput        
0000079d  GPIOPinTypeGPIOOutput       
0000082d  GPIOPinWrite                
000007e9  HibernateEnableExpClk       
000007b9  HibernateGPIORetentionEnable
000007fd  HibernateRequest            
00000675  HibernateWakeSet            
00000821  ResetISR                    
000003d9  SysCtlClockGet              
000004f1  SysCtlClockSet              
00000833  SysCtlDelay                 
00000711  SysCtlPeripheralEnable      
000006d9  SysCtlPeripheralReady       
20000200  __STACK_END                 
00000200  __STACK_SIZE                
20000200  __STACK_TOP                 
ffffffff  __TI_pprof_out_hndl         
ffffffff  __TI_prof_data_size         
ffffffff  __TI_prof_data_start        
00000000  __TI_static_base__          
ffffffff  __binit__                   
ffffffff  __c_args__                  
UNDEFED   __mpu_init                  
20000000  __stack                     
20000000  __start___llvm_prf_cnts     
20000000  __stop___llvm_prf_cnts      
00000771  _c_int00_noinit_noargs      
00000839  _system_pre_init            
0000083d  abort                       
ffffffff  binit                       
00000000  g_pfnVectors                
000005e5  main                        


GLOBAL SYMBOLS: SORTED BY Symbol Address 

address   name                        
-------   ----                        
00000000  __TI_static_base__          
00000000  g_pfnVectors                
00000200  __STACK_SIZE                
0000026d  GPIOPadConfigSet            
000003d9  SysCtlClockGet              
000004f1  SysCtlClockSet              
000005e5  main                        
00000675  HibernateWakeSet            
000006d9  SysCtlPeripheralReady       
00000711  SysCtlPeripheralEnable      
00000745  GPIODirModeSet              
00000771  _c_int00_noinit_noargs      
0000079d  GPIOPinTypeGPIOOutput       
000007b9  HibernateGPIORetentionEnable
000007d1  GPIOPinTypeGPIOInput        
000007e9  HibernateEnableExpClk       
000007fd  HibernateRequest            
00000821  ResetISR                    
0000082d  GPIOPinWrite                
00000833  SysCtlDelay                 
00000839  _system_pre_init            
0000083d  C$$EXIT                     
0000083d  abort                       
20000000  __stack                     
20000000  __start___llvm_prf_cnts     
20000000  __stop___llvm_prf_cnts      
20000200  __STACK_END                 
20000200  __STACK_TOP                 
ffffffff  __TI_pprof_out_hndl         
ffffffff  __TI_prof_data_size         
ffffffff  __TI_prof_data_start        
ffffffff  __binit__                   
ffffffff  __c_args__                  
ffffffff  binit                       
UNDEFED   __mpu_init                  

[35 symbols]
