******************************************************************************
                  TI ARM Linker PC v20.2.7                     
******************************************************************************
>> Linked Sat Nov 16 20:37:36 2024

OUTPUT FILE NAME:   <apilideneme.out>
ENTRY POINT SYMBOL: "_c_int00_noargs"  address: 00001399


MEMORY CONFIGURATION

         name            origin    length      used     unused   attr    fill
----------------------  --------  ---------  --------  --------  ----  --------
  FLASH                 00000000   00040000  00001718  0003e8e8  R  X
  SRAM                  20000000   00008000  0000046c  00007b94  RW X


SEGMENT ALLOCATION MAP

run origin  load origin   length   init length attrs members
----------  ----------- ---------- ----------- ----- -------
00000000    00000000    0000171c   0000171c    r-x
  00000000    00000000    0000026c   0000026c    r-- .intvecs
  0000026c    0000026c    000011dc   000011dc    r-x .text
  00001448    00001448    000002bc   000002bc    r-- .const
  00001708    00001708    00000014   00000014    r-- .cinit
20000000    20000000    00000470   00000000    rw-
  20000000    20000000    0000026c   00000000    rw- .vtable
  20000270    20000270    00000200   00000000    rw- .stack


SECTION ALLOCATION MAP

 output                                  attributes/
section   page    origin      length       input sections
--------  ----  ----------  ----------   ----------------
.intvecs   0    00000000    0000026c     
                  00000000    0000026c     tm4c123gh6pm_startup_ccs.obj (.intvecs)

.text      0    0000026c    000011dc     
                  0000026c    00000da4     aplcd.obj (.text)
                  00001010    00000118     driverlib.lib : sysctl.obj (.text:SysCtlClockGet)
                  00001128    000000f4                   : sysctl.obj (.text:SysCtlClockSet)
                  0000121c    00000068                   : interrupt.obj (.text:IntDisable)
                  00001284    00000068                   : interrupt.obj (.text:IntEnable)
                  000012ec    00000044     rtsv7M4_T_le_v4SPD16_eabi.lib : autoinit.c.obj (.text:__TI_auto_init_nobinit_nopinit:__TI_auto_init_nobinit_nopinit)
                  00001330    00000034     driverlib.lib : interrupt.obj (.text:IntRegister)
                  00001364    00000034                   : sysctl.obj (.text:SysCtlPeripheralEnable)
                  00001398    00000034     rtsv7M4_T_le_v4SPD16_eabi.lib : boot_cortex_m.c.obj (.text:_c_int00_noargs:_c_int00_noargs)
                  000013cc    00000030     main.obj (.text)
                  000013fc    0000001c     rtsv7M4_T_le_v4SPD16_eabi.lib : copy_zero_init.c.obj (.text:decompress:ZI:__TI_zero_init_nomemset:__TI_zero_init_nomemset)
                  00001418    00000014     driverlib.lib : interrupt.obj (.text:IntUnregister)
                  0000142c    0000000c     tm4c123gh6pm_startup_ccs.obj (.text)
                  00001438    00000006     driverlib.lib : sysctl.obj (.text:SysCtlDelay)
                  0000143e    00000004     rtsv7M4_T_le_v4SPD16_eabi.lib : pre_init.c.obj (.text:_system_pre_init)
                  00001442    00000004                                   : exit.c.obj (.text:abort:abort)
                  00001446    00000002     driverlib.lib : interrupt.obj (.text:_IntDefaultHandler)

.const     0    00001448    000002bc     
                  00001448    000000d8     aplcd.obj (.const:g_ppui32GPIOIntMapSnowflake)
                  00001520    000000c0     aplcd.obj (.const:g_ppui32GPIOIntMapBlizzard)
                  000015e0    00000090     aplcd.obj (.const:g_pui32GPIOBaseAddrs)
                  00001670    0000006c     driverlib.lib : sysctl.obj (.const:g_pui32Xtals)
                  000016dc    00000014                   : interrupt.obj (.const:g_pui32Dii16Regs)
                  000016f0    00000014                   : interrupt.obj (.const:g_pui32EnRegs)

.cinit     0    00001708    00000014     
                  00001708    00000008     (.cinit..vtable.load) [load image, compression = zero_init]
                  00001710    00000004     (__TI_handler_table)
                  00001714    00000008     (__TI_cinit_table)

.init_array 
*          0    00000000    00000000     UNINITIALIZED

.vtable    0    20000000    0000026c     UNINITIALIZED
                  20000000    0000026c     driverlib.lib : interrupt.obj (.vtable)

.stack     0    20000270    00000200     UNINITIALIZED
                  20000270    00000004     rtsv7M4_T_le_v4SPD16_eabi.lib : boot_cortex_m.c.obj (.stack)
                  20000274    000001fc     --HOLE--

__llvm_prf_cnts 
*          0    20000000    00000000     UNINITIALIZED

MODULE SUMMARY

       Module                         code   ro data   rw data
       ------                         ----   -------   -------
    .\
       aplcd.obj                      3492   552       0      
       tm4c123gh6pm_startup_ccs.obj   12     620       0      
       main.obj                       48     0         0      
    +--+------------------------------+------+---------+---------+
       Total:                         3552   1172      0      
                                                              
    C:/ti/TivaWare_C_Series-2.2.0.295/driverlib/ccs/Debug/driverlib.lib
       interrupt.obj                  282    40        620    
       sysctl.obj                     582    108       0      
    +--+------------------------------+------+---------+---------+
       Total:                         864    148       620    
                                                              
    C:\ti\ccs1281\ccs\tools\compiler\ti-cgt-arm_20.2.7.LTS\lib\rtsv7M4_T_le_v4SPD16_eabi.lib
       autoinit.c.obj                 68     0         0      
       boot_cortex_m.c.obj            52     0         0      
       copy_zero_init.c.obj           28     0         0      
       exit.c.obj                     4      0         0      
       pre_init.c.obj                 4      0         0      
    +--+------------------------------+------+---------+---------+
       Total:                         156    0         0      
                                                              
       Stack:                         0      0         512    
       Linker Generated:              0      20        0      
    +--+------------------------------+------+---------+---------+
       Grand Total:                   4572   1340      1132   


LINKER GENERATED COPY TABLES

__TI_cinit_table @ 00001714 records: 1, size/record: 8, table size: 8
	.vtable: load addr=00001708, load size=00000008 bytes, run addr=20000000, run size=0000026c bytes, compression=zero_init


LINKER GENERATED HANDLER TABLE

__TI_handler_table @ 00001710 records: 1, size/record: 4, table size: 4
	index: 0, handler: __TI_zero_init


GLOBAL SYMBOLS: SORTED ALPHABETICALLY BY Name 

address   name                          
-------   ----                          
00001443  C$$EXIT                       
00000e31  GPIOADCTriggerDisable         
00000e13  GPIOADCTriggerEnable          
00000df5  GPIODMATriggerDisable         
00000dd7  GPIODMATriggerEnable          
00000327  GPIODirModeGet                
000002cb  GPIODirModeSet                
000008e1  GPIOIntClear                  
000008a5  GPIOIntDisable                
00000881  GPIOIntEnable                 
000008f5  GPIOIntRegister               
0000092d  GPIOIntRegisterPin            
000008bf  GPIOIntStatus                 
00000417  GPIOIntTypeGet                
00000373  GPIOIntTypeSet                
00000913  GPIOIntUnregister             
0000095b  GPIOIntUnregisterPin          
0000070f  GPIOPadConfigGet              
000004a1  GPIOPadConfigSet              
00000d79  GPIOPinConfigure              
0000097f  GPIOPinRead                   
000009b7  GPIOPinTypeADC                
000009db  GPIOPinTypeCAN                
000009ff  GPIOPinTypeComparator         
00000a23  GPIOPinTypeComparatorOutput   
00000a47  GPIOPinTypeDIVSCLK            
00000a6b  GPIOPinTypeEPI                
00000a8f  GPIOPinTypeEthernetLED        
00000ab3  GPIOPinTypeEthernetMII        
00000ad7  GPIOPinTypeGPIOInput          
00000afb  GPIOPinTypeGPIOOutput         
00000b25  GPIOPinTypeGPIOOutputOD       
00000b49  GPIOPinTypeHibernateRTCCLK    
00000b6d  GPIOPinTypeI2C                
00000b91  GPIOPinTypeI2CSCL             
00000bb5  GPIOPinTypeLCD                
00000bd9  GPIOPinTypeOneWire            
00000bfd  GPIOPinTypePWM                
00000c21  GPIOPinTypeQEI                
00000c45  GPIOPinTypeSSI                
00000c69  GPIOPinTypeTimer              
00000c8d  GPIOPinTypeTrace              
00000cb1  GPIOPinTypeUART               
00000cd5  GPIOPinTypeUSBAnalog          
00000cf9  GPIOPinTypeUSBDigital         
00000d1d  GPIOPinTypeWakeHigh           
00000d43  GPIOPinTypeWakeLow            
00000d69  GPIOPinWakeStatus             
00000997  GPIOPinWrite                  
00000e4f  GPIOUnlockPin                 
0000121d  IntDisable                    
00001285  IntEnable                     
00001331  IntRegister                   
00001419  IntUnregister                 
00000f61  Lcd_Komut                     
00000f43  Lcd_Koy                       
00000f2f  Lcd_Temizle                   
00000e75  Lcd_init                      
0000142d  ResetISR                      
00001011  SysCtlClockGet                
00001129  SysCtlClockSet                
00001439  SysCtlDelay                   
00001365  SysCtlPeripheralEnable        
20000470  __STACK_END                   
00000200  __STACK_SIZE                  
20000470  __STACK_TOP                   
00001714  __TI_CINIT_Base               
0000171c  __TI_CINIT_Limit              
00001710  __TI_Handler_Table_Base       
00001714  __TI_Handler_Table_Limit      
000012ed  __TI_auto_init_nobinit_nopinit
ffffffff  __TI_pprof_out_hndl           
ffffffff  __TI_prof_data_size           
ffffffff  __TI_prof_data_start          
00000000  __TI_static_base__            
000013fd  __TI_zero_init_nomemset       
ffffffff  __binit__                     
ffffffff  __c_args__                    
UNDEFED   __mpu_init                    
20000270  __stack                       
20000000  __start___llvm_prf_cnts       
20000000  __stop___llvm_prf_cnts        
00001399  _c_int00_noargs               
UNDEFED   _system_post_cinit            
0000143f  _system_pre_init              
00001443  abort                         
ffffffff  binit                         
20000000  g_pfnRAMVectors               
00000000  g_pfnVectors                  
000013cd  main                          


GLOBAL SYMBOLS: SORTED BY Symbol Address 

address   name                          
-------   ----                          
00000000  __TI_static_base__            
00000000  g_pfnVectors                  
00000200  __STACK_SIZE                  
000002cb  GPIODirModeSet                
00000327  GPIODirModeGet                
00000373  GPIOIntTypeSet                
00000417  GPIOIntTypeGet                
000004a1  GPIOPadConfigSet              
0000070f  GPIOPadConfigGet              
00000881  GPIOIntEnable                 
000008a5  GPIOIntDisable                
000008bf  GPIOIntStatus                 
000008e1  GPIOIntClear                  
000008f5  GPIOIntRegister               
00000913  GPIOIntUnregister             
0000092d  GPIOIntRegisterPin            
0000095b  GPIOIntUnregisterPin          
0000097f  GPIOPinRead                   
00000997  GPIOPinWrite                  
000009b7  GPIOPinTypeADC                
000009db  GPIOPinTypeCAN                
000009ff  GPIOPinTypeComparator         
00000a23  GPIOPinTypeComparatorOutput   
00000a47  GPIOPinTypeDIVSCLK            
00000a6b  GPIOPinTypeEPI                
00000a8f  GPIOPinTypeEthernetLED        
00000ab3  GPIOPinTypeEthernetMII        
00000ad7  GPIOPinTypeGPIOInput          
00000afb  GPIOPinTypeGPIOOutput         
00000b25  GPIOPinTypeGPIOOutputOD       
00000b49  GPIOPinTypeHibernateRTCCLK    
00000b6d  GPIOPinTypeI2C                
00000b91  GPIOPinTypeI2CSCL             
00000bb5  GPIOPinTypeLCD                
00000bd9  GPIOPinTypeOneWire            
00000bfd  GPIOPinTypePWM                
00000c21  GPIOPinTypeQEI                
00000c45  GPIOPinTypeSSI                
00000c69  GPIOPinTypeTimer              
00000c8d  GPIOPinTypeTrace              
00000cb1  GPIOPinTypeUART               
00000cd5  GPIOPinTypeUSBAnalog          
00000cf9  GPIOPinTypeUSBDigital         
00000d1d  GPIOPinTypeWakeHigh           
00000d43  GPIOPinTypeWakeLow            
00000d69  GPIOPinWakeStatus             
00000d79  GPIOPinConfigure              
00000dd7  GPIODMATriggerEnable          
00000df5  GPIODMATriggerDisable         
00000e13  GPIOADCTriggerEnable          
00000e31  GPIOADCTriggerDisable         
00000e4f  GPIOUnlockPin                 
00000e75  Lcd_init                      
00000f2f  Lcd_Temizle                   
00000f43  Lcd_Koy                       
00000f61  Lcd_Komut                     
00001011  SysCtlClockGet                
00001129  SysCtlClockSet                
0000121d  IntDisable                    
00001285  IntEnable                     
000012ed  __TI_auto_init_nobinit_nopinit
00001331  IntRegister                   
00001365  SysCtlPeripheralEnable        
00001399  _c_int00_noargs               
000013cd  main                          
000013fd  __TI_zero_init_nomemset       
00001419  IntUnregister                 
0000142d  ResetISR                      
00001439  SysCtlDelay                   
0000143f  _system_pre_init              
00001443  C$$EXIT                       
00001443  abort                         
00001710  __TI_Handler_Table_Base       
00001714  __TI_CINIT_Base               
00001714  __TI_Handler_Table_Limit      
0000171c  __TI_CINIT_Limit              
20000000  __start___llvm_prf_cnts       
20000000  __stop___llvm_prf_cnts        
20000000  g_pfnRAMVectors               
20000270  __stack                       
20000470  __STACK_END                   
20000470  __STACK_TOP                   
ffffffff  __TI_pprof_out_hndl           
ffffffff  __TI_prof_data_size           
ffffffff  __TI_prof_data_start          
ffffffff  __binit__                     
ffffffff  __c_args__                    
ffffffff  binit                         
UNDEFED   __mpu_init                    
UNDEFED   _system_post_cinit            

[90 symbols]
