******************************************************************************
                  TI ARM Linker PC v20.2.7                     
******************************************************************************
>> Linked Mon Dec 16 13:07:21 2024

OUTPUT FILE NAME:   <adcltfn.out>
ENTRY POINT SYMBOL: "_c_int00_noinit_noargs"  address: 00000b69


MEMORY CONFIGURATION

         name            origin    length      used     unused   attr    fill
----------------------  --------  ---------  --------  --------  ----  --------
  FLASH                 00000000   00040000  00000bee  0003f412  R  X
  SRAM                  20000000   00008000  00000200  00007e00  RW X


SEGMENT ALLOCATION MAP

run origin  load origin   length   init length attrs members
----------  ----------- ---------- ----------- ----- -------
00000000    00000000    00000bee   00000bee    r-x
  00000000    00000000    0000026c   0000026c    r-- .intvecs
  0000026c    0000026c    00000982   00000982    r-x .text
20000000    20000000    00000200   00000000    rw-
  20000000    20000000    00000200   00000000    rw- .stack


SECTION ALLOCATION MAP

 output                                  attributes/
section   page    origin      length       input sections
--------  ----  ----------  ----------   ----------------
.intvecs   0    00000000    0000026c     
                  00000000    0000026c     tm4c123gh6pm_startup_ccs.obj (.intvecs)

.text      0    0000026c    00000982     
                  0000026c    00000300     main.obj (.text)
                  0000056c    00000190     dsadsadsa.obj (.text)
                  000006fc    0000016c     driverlib.lib : gpio.obj (.text:GPIOPadConfigSet)
                  00000868    00000136     rtsv7M4_T_le_v4SPD16_eabi.lib : fd_div_t2.asm.obj (.text)
                  0000099e    000000fc                                   : fd_mul_t2.asm.obj (.text)
                  00000a9a    0000006e                                   : fd_tos_t2.asm.obj (.text)
                  00000b08    00000034     driverlib.lib : sysctl.obj (.text:SysCtlPeripheralEnable)
                  00000b3c    0000002c                   : gpio.obj (.text:GPIODirModeSet)
                  00000b68    0000002c     rtsv7M4_T_le_v4SPD16_eabi.lib : boot_cortex_m.c.obj (.text:_c_int00_noinit_noargs:_c_int00_noinit_noargs)
                  00000b94    00000020                                   : u_tofd_t2.asm.obj (.text)
                  00000bb4    0000001a     driverlib.lib : gpio.obj (.text:GPIOPinTypeGPIOOutput)
                  00000bce    0000000c     tm4c123gh6pm_startup_ccs.obj (.text)
                  00000bda    00000006     driverlib.lib : gpio.obj (.text:GPIOPinWrite)
                  00000be0    00000006                   : sysctl.obj (.text:SysCtlDelay)
                  00000be6    00000004     rtsv7M4_T_le_v4SPD16_eabi.lib : pre_init.c.obj (.text:_system_pre_init)
                  00000bea    00000004                                   : exit.c.obj (.text:abort:abort)

.cinit     0    00000000    00000000     UNINITIALIZED

.init_array 
*          0    00000000    00000000     UNINITIALIZED

.stack     0    20000000    00000200     UNINITIALIZED
                  20000000    00000004     rtsv7M4_T_le_v4SPD16_eabi.lib : boot_cortex_m.c.obj (.stack)
                  20000004    000001fc     --HOLE--

__llvm_prf_cnts 
*          0    20000000    00000000     UNINITIALIZED

MODULE SUMMARY

       Module                         code   ro data   rw data
       ------                         ----   -------   -------
    .\
       main.obj                       768    0         0      
       tm4c123gh6pm_startup_ccs.obj   12     620       0      
       dsadsadsa.obj                  400    0         0      
    +--+------------------------------+------+---------+---------+
       Total:                         1180   620       0      
                                                              
    C:/ti/TivaWare_C_Series-2.2.0.295/driverlib/ccs/Debug/driverlib.lib
       gpio.obj                       440    0         0      
       sysctl.obj                     58     0         0      
    +--+------------------------------+------+---------+---------+
       Total:                         498    0         0      
                                                              
    C:\ti\ccs1281\ccs\tools\compiler\ti-cgt-arm_20.2.7.LTS\lib\rtsv7M4_T_le_v4SPD16_eabi.lib
       fd_div_t2.asm.obj              310    0         0      
       fd_mul_t2.asm.obj              252    0         0      
       fd_tos_t2.asm.obj              110    0         0      
       boot_cortex_m.c.obj            44     0         0      
       u_tofd_t2.asm.obj              32     0         0      
       exit.c.obj                     4      0         0      
       pre_init.c.obj                 4      0         0      
    +--+------------------------------+------+---------+---------+
       Total:                         756    0         0      
                                                              
       Stack:                         0      0         512    
    +--+------------------------------+------+---------+---------+
       Grand Total:                   2434   620       512    


GLOBAL SYMBOLS: SORTED ALPHABETICALLY BY Name 

address   name                   
-------   ----                   
0000040d  ADC0_Init              
0000037d  ADC_to_Voltage         
00000beb  C$$EXIT                
00000b3d  GPIODirModeSet         
000006fd  GPIOPadConfigSet       
00000bb5  GPIOPinTypeGPIOOutput  
00000bdb  GPIOPinWrite           
00000659  Lcd_Komut              
0000063b  Lcd_Koy                
00000627  Lcd_Temizle            
0000056d  Lcd_init               
00000bcf  ResetISR               
00000be1  SysCtlDelay            
00000b09  SysCtlPeripheralEnable 
000003a1  UART0_Init             
0000047b  UART0_WriteChar        
00000497  UART0_WriteString      
20000200  __STACK_END            
00000200  __STACK_SIZE           
20000200  __STACK_TOP            
ffffffff  __TI_pprof_out_hndl    
ffffffff  __TI_prof_data_size    
ffffffff  __TI_prof_data_start   
00000000  __TI_static_base__     
00000a9b  __aeabi_d2f            
00000869  __aeabi_ddiv           
0000099f  __aeabi_dmul           
00000b95  __aeabi_ui2d           
ffffffff  __binit__              
ffffffff  __c_args__             
UNDEFED   __mpu_init             
20000000  __stack                
20000000  __start___llvm_prf_cnts
20000000  __stop___llvm_prf_cnts 
00000b69  _c_int00_noinit_noargs 
00000be7  _system_pre_init       
00000beb  abort                  
ffffffff  binit                  
000004b5  delayMs                
00000000  g_pfnVectors           
0000026d  main                   


GLOBAL SYMBOLS: SORTED BY Symbol Address 

address   name                   
-------   ----                   
00000000  __TI_static_base__     
00000000  g_pfnVectors           
00000200  __STACK_SIZE           
0000026d  main                   
0000037d  ADC_to_Voltage         
000003a1  UART0_Init             
0000040d  ADC0_Init              
0000047b  UART0_WriteChar        
00000497  UART0_WriteString      
000004b5  delayMs                
0000056d  Lcd_init               
00000627  Lcd_Temizle            
0000063b  Lcd_Koy                
00000659  Lcd_Komut              
000006fd  GPIOPadConfigSet       
00000869  __aeabi_ddiv           
0000099f  __aeabi_dmul           
00000a9b  __aeabi_d2f            
00000b09  SysCtlPeripheralEnable 
00000b3d  GPIODirModeSet         
00000b69  _c_int00_noinit_noargs 
00000b95  __aeabi_ui2d           
00000bb5  GPIOPinTypeGPIOOutput  
00000bcf  ResetISR               
00000bdb  GPIOPinWrite           
00000be1  SysCtlDelay            
00000be7  _system_pre_init       
00000beb  C$$EXIT                
00000beb  abort                  
20000000  __stack                
20000000  __start___llvm_prf_cnts
20000000  __stop___llvm_prf_cnts 
20000200  __STACK_END            
20000200  __STACK_TOP            
ffffffff  __TI_pprof_out_hndl    
ffffffff  __TI_prof_data_size    
ffffffff  __TI_prof_data_start   
ffffffff  __binit__              
ffffffff  __c_args__             
ffffffff  binit                  
UNDEFED   __mpu_init             

[41 symbols]
