******************************************************************************
                  TI ARM Linker PC v20.2.7                     
******************************************************************************
>> Linked Sun Dec  1 20:02:40 2024

OUTPUT FILE NAME:   <kronocalissss.out>
ENTRY POINT SYMBOL: "_c_int00_noargs"  address: 00003241


MEMORY CONFIGURATION

         name            origin    length      used     unused   attr    fill
----------------------  --------  ---------  --------  --------  ----  --------
  FLASH                 00000000   00040000  000038ae  0003c752  R  X
  SRAM                  20000000   00008000  0000047c  00007b84  RW X


SEGMENT ALLOCATION MAP

run origin  load origin   length   init length attrs members
----------  ----------- ---------- ----------- ----- -------
00000000    00000000    000038b0   000038b0    r-x
  00000000    00000000    0000026c   0000026c    r-- .intvecs
  0000026c    0000026c    000031b2   000031b2    r-x .text
  00003420    00003420    00000460   00000460    r-- .const
  00003880    00003880    00000030   00000030    r-- .cinit
20000000    20000000    00000480   00000000    rw-
  20000000    20000000    0000026c   00000000    rw- .vtable
  20000270    20000270    00000200   00000000    rw- .stack
  20000470    20000470    00000010   00000000    rw- .data


SECTION ALLOCATION MAP

 output                                  attributes/
section   page    origin      length       input sections
--------  ----  ----------  ----------   ----------------
.intvecs   0    00000000    0000026c     
                  00000000    0000026c     tm4c123gh6pm_startup_ccs.obj (.intvecs)

.text      0    0000026c    000031b2     
                  0000026c    00000da4     sourc.obj (.text)
                  00001010    00000a4e     rtsv7M4_T_le_v4SPD16_eabi.lib : _printfi.c.obj (.text:__TI_printfi)
                  00001a5e    00000002     driverlib.lib : interrupt.obj (.text:_IntDefaultHandler)
                  00001a60    00000270     rtsv7M4_T_le_v4SPD16_eabi.lib : _printfi.c.obj (.text:_pconv_a)
                  00001cd0    000001d0                                   : _printfi.c.obj (.text:_pconv_g)
                  00001ea0    000001b6                                   : fd_add_t2.asm.obj (.text)
                  00002056    00000002                                   : div0.asm.obj (.text)
                  00002058    00000150     main.obj (.text)
                  000021a8    0000013c     rtsv7M4_T_le_v4SPD16_eabi.lib : _printfi.c.obj (.text:_pconv_e)
                  000022e4    00000136                                   : fd_div_t2.asm.obj (.text)
                  0000241a    00000002     --HOLE-- [fill = 0]
                  0000241c    00000124                                   : _printfi.c.obj (.text:fcvt)
                  00002540    00000118     driverlib.lib : sysctl.obj (.text:SysCtlClockGet)
                  00002658    00000110     rtsv7M4_T_le_v4SPD16_eabi.lib : s_scalbn.c.obj (.text:scalbn)
                  00002768    000000fc                                   : fd_mul_t2.asm.obj (.text)
                  00002864    000000f4     driverlib.lib : sysctl.obj (.text:SysCtlClockSet)
                  00002958    000000b1     rtsv7M4_T_le_v4SPD16_eabi.lib : _printfi.c.obj (.text:_ltostr)
                  00002a09    00000001     --HOLE-- [fill = 0]
                  00002a0a    0000009c                                   : memcpy_t2.asm.obj (.text)
                  00002aa6    00000096                                   : ull_div_t2.asm.obj (.text)
                  00002b3c    00000086                                   : fd_cmp_t2.asm.obj (.text:__aeabi_cdcmple)
                  00002bc2    00000086                                   : fd_cmp_t2.asm.obj (.text:__aeabi_cdrcmple)
                  00002c48    0000007a                                   : memset_t2.asm.obj (.text)
                  00002cc2    0000006e                                   : _printfi.c.obj (.text:_mcpy)
                  00002d30    00000068     driverlib.lib : interrupt.obj (.text:IntDisable)
                  00002d98    00000068                   : interrupt.obj (.text:IntEnable)
                  00002e00    00000068     rtsv7M4_T_le_v4SPD16_eabi.lib : copy_decompress_lzss.c.obj (.text:decompress:lzss:__TI_decompress_lzss)
                  00002e68    00000064                                   : s_frexp.c.obj (.text:frexp)
                  00002ecc    00000060     driverlib.lib : timer.obj (.text:TimerConfigure)
                  00002f2c    00000056     rtsv7M4_T_le_v4SPD16_eabi.lib : _printfi.c.obj (.text:_pconv_f)
                  00002f82    00000054                                   : _ltoa.c.obj (.text:__TI_ltoa)
                  00002fd6    00000052                                   : _printfi.c.obj (.text:_ecpy)
                  00003028    0000004c     driverlib.lib : timer.obj (.text:_TimerIntNumberGet)
                  00003074    0000004c     rtsv7M4_T_le_v4SPD16_eabi.lib : atoi.c.obj (.text:atoi)
                  000030c0    0000004c                                   : snprintf.c.obj (.text:snprintf)
                  0000310c    00000048                                   : fd_toi_t2.asm.obj (.text)
                  00003154    00000044                                   : autoinit.c.obj (.text:__TI_auto_init_nobinit_nopinit:__TI_auto_init_nobinit_nopinit)
                  00003198    0000003e                                   : _printfi.c.obj (.text:_fcpy)
                  000031d6    00000002     --HOLE-- [fill = 0]
                  000031d8    00000034     driverlib.lib : interrupt.obj (.text:IntRegister)
                  0000320c    00000034                   : sysctl.obj (.text:SysCtlPeripheralEnable)
                  00003240    00000034     rtsv7M4_T_le_v4SPD16_eabi.lib : boot_cortex_m.c.obj (.text:_c_int00_noargs:_c_int00_noargs)
                  00003274    00000030                                   : snprintf.c.obj (.text:_outs)
                  000032a4    0000002e                                   : i_tofd_t2.asm.obj (.text)
                  000032d2    0000001c                                   : copy_zero_init.c.obj (.text:decompress:ZI:__TI_zero_init_nomemset:__TI_zero_init_nomemset)
                  000032ee    0000001c                                   : memccpy.c.obj (.text:memccpy)
                  0000330a    0000001a                                   : s_copysign.c.obj (.text:copysign)
                  00003324    00000018     driverlib.lib : timer.obj (.text:TimerIntRegister)
                  0000333c    00000018     rtsv7M4_T_le_v4SPD16_eabi.lib : snprintf.c.obj (.text:_outc)
                  00003354    00000016                                   : strchr.c.obj (.text:strchr)
                  0000336a    00000002     --HOLE-- [fill = 0]
                  0000336c    00000014     driverlib.lib : interrupt.obj (.text:IntUnregister)
                  00003380    00000014     rtsv7M4_T_le_v4SPD16_eabi.lib : strlen.c.obj (.text:strlen)
                  00003394    00000012     driverlib.lib : timer.obj (.text:TimerLoadSet)
                  000033a6    00000012     rtsv7M4_T_le_v4SPD16_eabi.lib : wcslen.c.obj (.text:wcslen)
                  000033b8    00000010     driverlib.lib : interrupt.obj (.text:IntMasterEnable)
                  000033c8    0000000e                   : timer.obj (.text:TimerEnable)
                  000033d6    0000000e     rtsv7M4_T_le_v4SPD16_eabi.lib : copy_decompress_none.c.obj (.text:decompress:none:__TI_decompress_none)
                  000033e4    0000000c     driverlib.lib : cpu.obj (.text:CPUcpsie)
                  000033f0    0000000c     tm4c123gh6pm_startup_ccs.obj (.text)
                  000033fc    00000008     driverlib.lib : timer.obj (.text:TimerIntEnable)
                  00003404    00000008     rtsv7M4_T_le_v4SPD16_eabi.lib : errno.c.obj (.text:__aeabi_errno_addr)
                  0000340c    00000006     driverlib.lib : sysctl.obj (.text:SysCtlDelay)
                  00003412    00000004                   : timer.obj (.text:TimerIntClear)
                  00003416    00000004     rtsv7M4_T_le_v4SPD16_eabi.lib : pre_init.c.obj (.text:_system_pre_init)
                  0000341a    00000004                                   : exit.c.obj (.text:abort:abort)

.const     0    00003420    00000460     
                  00003420    00000101     rtsv7M4_T_le_v4SPD16_eabi.lib : ctype.c.obj (.const:.string:_ctypes_)
                  00003521    00000003     --HOLE-- [fill = 0]
                  00003524    000000d8     sourc.obj (.const:g_ppui32GPIOIntMapSnowflake)
                  000035fc    000000c0     sourc.obj (.const:g_ppui32GPIOIntMapBlizzard)
                  000036bc    00000090     sourc.obj (.const:g_pui32GPIOBaseAddrs)
                  0000374c    0000006c     driverlib.lib : sysctl.obj (.const:g_pui32Xtals)
                  000037b8    00000060                   : timer.obj (.const:g_ppui32TimerIntMap)
                  00003818    00000040                   : timer.obj (.const:g_ppui32TimerIntMapSnowflake)
                  00003858    00000014                   : interrupt.obj (.const:g_pui32Dii16Regs)
                  0000386c    00000014                   : interrupt.obj (.const:g_pui32EnRegs)

.cinit     0    00003880    00000030     
                  00003880    0000000c     (__TI_handler_table)
                  0000388c    00000004     --HOLE-- [fill = 0]
                  00003890    00000008     (.cinit..vtable.load) [load image, compression = zero_init]
                  00003898    00000007     (.cinit..data.load) [load image, compression = lzss]
                  0000389f    00000001     --HOLE-- [fill = 0]
                  000038a0    00000010     (__TI_cinit_table)

.init_array 
*          0    00000000    00000000     UNINITIALIZED

.vtable    0    20000000    0000026c     UNINITIALIZED
                  20000000    0000026c     driverlib.lib : interrupt.obj (.vtable)

.data      0    20000470    00000010     UNINITIALIZED
                  20000470    0000000c     main.obj (.data)
                  2000047c    00000004     rtsv7M4_T_le_v4SPD16_eabi.lib : errno.c.obj (.data)

.stack     0    20000270    00000200     UNINITIALIZED
                  20000270    00000004     rtsv7M4_T_le_v4SPD16_eabi.lib : boot_cortex_m.c.obj (.stack)
                  20000274    000001fc     --HOLE--

__llvm_prf_cnts 
*          0    20000000    00000000     UNINITIALIZED

MODULE SUMMARY

       Module                         code    ro data   rw data
       ------                         ----    -------   -------
    .\
       sourc.obj                      3492    552       0      
       tm4c123gh6pm_startup_ccs.obj   12      620       0      
       main.obj                       336     0         12     
    +--+------------------------------+-------+---------+---------+
       Total:                         3840    1172      12     
                                                               
    C:/ti/TivaWare_C_Series-2.2.0.295/driverlib/ccs/Debug/driverlib.lib
       interrupt.obj                  298     40        620    
       sysctl.obj                     582     108       0      
       timer.obj                      240     160       0      
       cpu.obj                        12      0         0      
    +--+------------------------------+-------+---------+---------+
       Total:                         1132    308       620    
                                                               
    C:\ti\ccs1281\ccs\tools\compiler\ti-cgt-arm_20.2.7.LTS\lib\rtsv7M4_T_le_v4SPD16_eabi.lib
       _printfi.c.obj                 4851    0         0      
       fd_add_t2.asm.obj              438     0         0      
       fd_div_t2.asm.obj              310     0         0      
       s_scalbn.c.obj                 272     0         0      
       fd_cmp_t2.asm.obj              268     0         0      
       ctype.c.obj                    0       257       0      
       fd_mul_t2.asm.obj              252     0         0      
       memcpy_t2.asm.obj              156     0         0      
       ull_div_t2.asm.obj             150     0         0      
       snprintf.c.obj                 148     0         0      
       memset_t2.asm.obj              122     0         0      
       copy_decompress_lzss.c.obj     104     0         0      
       s_frexp.c.obj                  100     0         0      
       _ltoa.c.obj                    84      0         0      
       atoi.c.obj                     76      0         0      
       fd_toi_t2.asm.obj              72      0         0      
       autoinit.c.obj                 68      0         0      
       boot_cortex_m.c.obj            52      0         0      
       i_tofd_t2.asm.obj              46      0         0      
       copy_zero_init.c.obj           28      0         0      
       memccpy.c.obj                  28      0         0      
       s_copysign.c.obj               26      0         0      
       strchr.c.obj                   22      0         0      
       strlen.c.obj                   20      0         0      
       wcslen.c.obj                   18      0         0      
       copy_decompress_none.c.obj     14      0         0      
       errno.c.obj                    8       0         4      
       exit.c.obj                     4       0         0      
       pre_init.c.obj                 4       0         0      
       div0.asm.obj                   2       0         0      
    +--+------------------------------+-------+---------+---------+
       Total:                         7743    257       4      
                                                               
       Stack:                         0       0         512    
       Linker Generated:              0       43        0      
    +--+------------------------------+-------+---------+---------+
       Grand Total:                   12715   1780      1148   


LINKER GENERATED COPY TABLES

__TI_cinit_table @ 000038a0 records: 2, size/record: 8, table size: 16
	.vtable: load addr=00003890, load size=00000008 bytes, run addr=20000000, run size=0000026c bytes, compression=zero_init
	.data: load addr=00003898, load size=00000007 bytes, run addr=20000470, run size=00000010 bytes, compression=lzss


LINKER GENERATED HANDLER TABLE

__TI_handler_table @ 00003880 records: 3, size/record: 4, table size: 12
	index: 0, handler: __TI_zero_init
	index: 1, handler: __TI_decompress_lzss
	index: 2, handler: __TI_decompress_none


GLOBAL SYMBOLS: SORTED ALPHABETICALLY BY Name 

address   name                          
-------   ----                          
0000341b  C$$EXIT                       
000033e5  CPUcpsie                      
00000e31  GPIOADCTriggerDisable         
00000e13  GPIOADCTriggerEnable          
00000df5  GPIODMATriggerDisable         
00000dd7  GPIODMATriggerEnable          
00000327  GPIODirModeGet                
000002cb  GPIODirModeSet                
000008e1  GPIOIntClear                  
000008a5  GPIOIntDisable                
00000881  GPIOIntEnable                 
000008f5  GPIOIntRegister               
0000092d  GPIOIntRegisterPin            
000008bf  GPIOIntStatus                 
00000417  GPIOIntTypeGet                
00000373  GPIOIntTypeSet                
00000913  GPIOIntUnregister             
0000095b  GPIOIntUnregisterPin          
0000070f  GPIOPadConfigGet              
000004a1  GPIOPadConfigSet              
00000d79  GPIOPinConfigure              
0000097f  GPIOPinRead                   
000009b7  GPIOPinTypeADC                
000009db  GPIOPinTypeCAN                
000009ff  GPIOPinTypeComparator         
00000a23  GPIOPinTypeComparatorOutput   
00000a47  GPIOPinTypeDIVSCLK            
00000a6b  GPIOPinTypeEPI                
00000a8f  GPIOPinTypeEthernetLED        
00000ab3  GPIOPinTypeEthernetMII        
00000ad7  GPIOPinTypeGPIOInput          
00000afb  GPIOPinTypeGPIOOutput         
00000b25  GPIOPinTypeGPIOOutputOD       
00000b49  GPIOPinTypeHibernateRTCCLK    
00000b6d  GPIOPinTypeI2C                
00000b91  GPIOPinTypeI2CSCL             
00000bb5  GPIOPinTypeLCD                
00000bd9  GPIOPinTypeOneWire            
00000bfd  GPIOPinTypePWM                
00000c21  GPIOPinTypeQEI                
00000c45  GPIOPinTypeSSI                
00000c69  GPIOPinTypeTimer              
00000c8d  GPIOPinTypeTrace              
00000cb1  GPIOPinTypeUART               
00000cd5  GPIOPinTypeUSBAnalog          
00000cf9  GPIOPinTypeUSBDigital         
00000d1d  GPIOPinTypeWakeHigh           
00000d43  GPIOPinTypeWakeLow            
00000d69  GPIOPinWakeStatus             
00000997  GPIOPinWrite                  
00000e4f  GPIOUnlockPin                 
00002d31  IntDisable                    
00002d99  IntEnable                     
000033b9  IntMasterEnable               
000031d9  IntRegister                   
0000336d  IntUnregister                 
00000f61  Lcd_Komut                     
00000f43  Lcd_Koy                       
00000f2f  Lcd_Temizle                   
00000e75  Lcd_init                      
000033f1  ResetISR                      
00002065  SetInitSettings               
00002541  SysCtlClockGet                
00002865  SysCtlClockSet                
0000340d  SysCtlDelay                   
0000320d  SysCtlPeripheralEnable        
00002ecd  TimerConfigure                
000033c9  TimerEnable                   
00003413  TimerIntClear                 
000033fd  TimerIntEnable                
00003325  TimerIntRegister              
00003395  TimerLoadSet                  
20000470  __STACK_END                   
00000200  __STACK_SIZE                  
20000470  __STACK_TOP                   
000038a0  __TI_CINIT_Base               
000038b0  __TI_CINIT_Limit              
00003880  __TI_Handler_Table_Base       
0000388c  __TI_Handler_Table_Limit      
00003155  __TI_auto_init_nobinit_nopinit
00002e01  __TI_decompress_lzss          
000033d7  __TI_decompress_none          
00002f83  __TI_ltoa                     
ffffffff  __TI_pprof_out_hndl           
00001011  __TI_printfi                  
ffffffff  __TI_prof_data_size           
ffffffff  __TI_prof_data_start          
00000000  __TI_static_base__            
000032d3  __TI_zero_init_nomemset       
00002b3d  __aeabi_cdcmpeq               
00002b3d  __aeabi_cdcmple               
00002bc3  __aeabi_cdrcmple              
0000310d  __aeabi_d2iz                  
00001eab  __aeabi_dadd                  
000022e5  __aeabi_ddiv                  
00002769  __aeabi_dmul                  
00001ea1  __aeabi_dsub                  
00003405  __aeabi_errno_addr            
000032a5  __aeabi_i2d                   
00002057  __aeabi_idiv0                 
00002057  __aeabi_ldiv0                 
00002c49  __aeabi_memclr                
00002c49  __aeabi_memclr4               
00002c49  __aeabi_memclr8               
00002a0b  __aeabi_memcpy                
00002a0b  __aeabi_memcpy4               
00002a0b  __aeabi_memcpy8               
00002c4b  __aeabi_memset                
00002c4b  __aeabi_memset4               
00002c4b  __aeabi_memset8               
00002aa7  __aeabi_uldivmod              
ffffffff  __binit__                     
ffffffff  __c_args__                    
UNDEFED   __mpu_init                    
20000270  __stack                       
20000000  __start___llvm_prf_cnts       
20000000  __stop___llvm_prf_cnts        
00003241  _c_int00_noargs               
00003420  _ctypes_                      
UNDEFED   _system_post_cinit            
00003417  _system_pre_init              
0000341b  abort                         
00003075  atoi                          
ffffffff  binit                         
0000330b  copysign                      
0000330b  copysignl                     
20000474  dk                            
2000047c  errno                         
00002e69  frexp                         
00002e69  frexpl                        
20000000  g_pfnRAMVectors               
00000000  g_pfnVectors                  
000020bd  lcd_git                       
00002659  ldexp                         
00002659  ldexpl                        
00002059  main                          
000032ef  memccpy                       
00002a0b  memcpy                        
00002c51  memset                        
20000478  saat                          
00002659  scalbn                        
00002659  scalbnl                       
20000470  sn                            
000030c1  snprintf                      
00003355  strchr                        
00003381  strlen                        
000020f5  timerkesme                    
000033a7  wcslen                        


GLOBAL SYMBOLS: SORTED BY Symbol Address 

address   name                          
-------   ----                          
00000000  __TI_static_base__            
00000000  g_pfnVectors                  
00000200  __STACK_SIZE                  
000002cb  GPIODirModeSet                
00000327  GPIODirModeGet                
00000373  GPIOIntTypeSet                
00000417  GPIOIntTypeGet                
000004a1  GPIOPadConfigSet              
0000070f  GPIOPadConfigGet              
00000881  GPIOIntEnable                 
000008a5  GPIOIntDisable                
000008bf  GPIOIntStatus                 
000008e1  GPIOIntClear                  
000008f5  GPIOIntRegister               
00000913  GPIOIntUnregister             
0000092d  GPIOIntRegisterPin            
0000095b  GPIOIntUnregisterPin          
0000097f  GPIOPinRead                   
00000997  GPIOPinWrite                  
000009b7  GPIOPinTypeADC                
000009db  GPIOPinTypeCAN                
000009ff  GPIOPinTypeComparator         
00000a23  GPIOPinTypeComparatorOutput   
00000a47  GPIOPinTypeDIVSCLK            
00000a6b  GPIOPinTypeEPI                
00000a8f  GPIOPinTypeEthernetLED        
00000ab3  GPIOPinTypeEthernetMII        
00000ad7  GPIOPinTypeGPIOInput          
00000afb  GPIOPinTypeGPIOOutput         
00000b25  GPIOPinTypeGPIOOutputOD       
00000b49  GPIOPinTypeHibernateRTCCLK    
00000b6d  GPIOPinTypeI2C                
00000b91  GPIOPinTypeI2CSCL             
00000bb5  GPIOPinTypeLCD                
00000bd9  GPIOPinTypeOneWire            
00000bfd  GPIOPinTypePWM                
00000c21  GPIOPinTypeQEI                
00000c45  GPIOPinTypeSSI                
00000c69  GPIOPinTypeTimer              
00000c8d  GPIOPinTypeTrace              
00000cb1  GPIOPinTypeUART               
00000cd5  GPIOPinTypeUSBAnalog          
00000cf9  GPIOPinTypeUSBDigital         
00000d1d  GPIOPinTypeWakeHigh           
00000d43  GPIOPinTypeWakeLow            
00000d69  GPIOPinWakeStatus             
00000d79  GPIOPinConfigure              
00000dd7  GPIODMATriggerEnable          
00000df5  GPIODMATriggerDisable         
00000e13  GPIOADCTriggerEnable          
00000e31  GPIOADCTriggerDisable         
00000e4f  GPIOUnlockPin                 
00000e75  Lcd_init                      
00000f2f  Lcd_Temizle                   
00000f43  Lcd_Koy                       
00000f61  Lcd_Komut                     
00001011  __TI_printfi                  
00001ea1  __aeabi_dsub                  
00001eab  __aeabi_dadd                  
00002057  __aeabi_idiv0                 
00002057  __aeabi_ldiv0                 
00002059  main                          
00002065  SetInitSettings               
000020bd  lcd_git                       
000020f5  timerkesme                    
000022e5  __aeabi_ddiv                  
00002541  SysCtlClockGet                
00002659  ldexp                         
00002659  ldexpl                        
00002659  scalbn                        
00002659  scalbnl                       
00002769  __aeabi_dmul                  
00002865  SysCtlClockSet                
00002a0b  __aeabi_memcpy                
00002a0b  __aeabi_memcpy4               
00002a0b  __aeabi_memcpy8               
00002a0b  memcpy                        
00002aa7  __aeabi_uldivmod              
00002b3d  __aeabi_cdcmpeq               
00002b3d  __aeabi_cdcmple               
00002bc3  __aeabi_cdrcmple              
00002c49  __aeabi_memclr                
00002c49  __aeabi_memclr4               
00002c49  __aeabi_memclr8               
00002c4b  __aeabi_memset                
00002c4b  __aeabi_memset4               
00002c4b  __aeabi_memset8               
00002c51  memset                        
00002d31  IntDisable                    
00002d99  IntEnable                     
00002e01  __TI_decompress_lzss          
00002e69  frexp                         
00002e69  frexpl                        
00002ecd  TimerConfigure                
00002f83  __TI_ltoa                     
00003075  atoi                          
000030c1  snprintf                      
0000310d  __aeabi_d2iz                  
00003155  __TI_auto_init_nobinit_nopinit
000031d9  IntRegister                   
0000320d  SysCtlPeripheralEnable        
00003241  _c_int00_noargs               
000032a5  __aeabi_i2d                   
000032d3  __TI_zero_init_nomemset       
000032ef  memccpy                       
0000330b  copysign                      
0000330b  copysignl                     
00003325  TimerIntRegister              
00003355  strchr                        
0000336d  IntUnregister                 
00003381  strlen                        
00003395  TimerLoadSet                  
000033a7  wcslen                        
000033b9  IntMasterEnable               
000033c9  TimerEnable                   
000033d7  __TI_decompress_none          
000033e5  CPUcpsie                      
000033f1  ResetISR                      
000033fd  TimerIntEnable                
00003405  __aeabi_errno_addr            
0000340d  SysCtlDelay                   
00003413  TimerIntClear                 
00003417  _system_pre_init              
0000341b  C$$EXIT                       
0000341b  abort                         
00003420  _ctypes_                      
00003880  __TI_Handler_Table_Base       
0000388c  __TI_Handler_Table_Limit      
000038a0  __TI_CINIT_Base               
000038b0  __TI_CINIT_Limit              
20000000  __start___llvm_prf_cnts       
20000000  __stop___llvm_prf_cnts        
20000000  g_pfnRAMVectors               
20000270  __stack                       
20000470  __STACK_END                   
20000470  __STACK_TOP                   
20000470  sn                            
20000474  dk                            
20000478  saat                          
2000047c  errno                         
ffffffff  __TI_pprof_out_hndl           
ffffffff  __TI_prof_data_size           
ffffffff  __TI_prof_data_start          
ffffffff  __binit__                     
ffffffff  __c_args__                    
ffffffff  binit                         
UNDEFED   __mpu_init                    
UNDEFED   _system_post_cinit            

[148 symbols]
